 quadripulse_controller14_xpc

 Timestamp is 59d66e02 (Thu Oct 05 19:38:10 2017)

 Preferred load address is 10000000

 Start         Length     Name                   Class
 0001:00000000 0000ef11H .text                   CODE
 0001:0000ef20 0005229fH .text$mn                CODE
 0002:00000000 00000104H .CRT$XCA                DATA
 0002:00000104 00000104H .CRT$XCZ                DATA
 0002:00000208 00000104H .CRT$XIA                DATA
 0002:0000030c 00000118H .CRT$XIC                DATA
 0002:00000424 00000104H .CRT$XIZ                DATA
 0002:00000528 00000104H .CRT$XPA                DATA
 0002:0000062c 00000109H .CRT$XPX                DATA
 0002:00000738 00000104H .CRT$XPXA               DATA
 0002:0000083c 00000104H .CRT$XPZ                DATA
 0002:00000940 00000104H .CRT$XTA                DATA
 0002:00000a44 00000104H .CRT$XTZ                DATA
 0002:00000b50 000275a4H .rdata                  DATA
 0002:000280f4 000001a8H .rdata$debug            DATA
 0002:000282a0 0000010eH .rdata$sxdata           DATA
 0002:000283b0 00000104H .rtc$IAA                DATA
 0002:000284b4 00000104H .rtc$IZZ                DATA
 0002:000285b8 00000104H .rtc$TAA                DATA
 0002:000286bc 00000104H .rtc$TZZ                DATA
 0002:000287c0 00000991H .xdata$x                DATA
 0002:00029160 0000024cH .edata                  DATA
 0003:00000000 00091ae4H .data                   DATA
 0003:00091b00 00070864H .bss                    DATA
 0004:00000000 000001b0H .idata$5                DATA
 0004:000001b0 00000014H .idata$2                DATA
 0004:000001c4 00000014H .idata$3                DATA
 0004:000001d8 000001b0H .idata$4                DATA
 0004:00000388 0000076bH .idata$6                DATA

  Address         Publics by Value              Rva+Base       Lib:Object

 0000:00000000       ___guard_flags             00000000     <absolute>
 0000:00000000       ___guard_fids_count        00000000     <absolute>
 0000:00000000       ___guard_fids_table        00000000     <absolute>
 0000:00000000       __except_list              00000000     <absolute>
 0000:00000003       ___safe_se_handler_count   00000003     <absolute>
 0000:00000000       ___ImageBase               10000000     <linker-defined>
 0001:00000980       _xpcNBRequest              10001980 f   nblib_vc:nblib.obj
 0001:00000b00       _xpcNBTerm                 10001b00 f   nblib_vc:nblib.obj
 0001:00000c10       _xpcNBRelease              10001c10 f   nblib_vc:nblib.obj
 0001:00000c60       _xpcNBAccept               10001c60 f   nblib_vc:nblib.obj
 0001:00000d40       _xpcNBSplitChain           10001d40 f   nblib_vc:nblib.obj
 0001:00000dc0       _xpcNBMergeChains          10001dc0 f   nblib_vc:nblib.obj
 0001:00000e30       _xpcNBStats                10001e30 f   nblib_vc:nblib.obj
 0001:00000f00       _xpcNBAlloc                10001f00 f   nblib_vc:nblib.obj
 0001:00001100       _xpcNBFree                 10002100 f   nblib_vc:nblib.obj
 0001:000011c0       _xpcNBInit                 100021c0 f   nblib_vc:nblib.obj
 0001:00001430       _xpcNBCollectGarbage       10002430 f   nblib_vc:nblib.obj
 0001:000014f0       _xpcNBAllocFull            100024f0 f   nblib_vc:nblib.obj
 0001:00001550       _xpcEtherRegister          10002550 f   etherlib_vc:etherlib.obj
 0001:000016f0       _xpcEtherUnregister        100026f0 f   etherlib_vc:etherlib.obj
 0001:00001730       _xpcEtherOpen              10002730 f   etherlib_vc:etherlib.obj
 0001:00001790       _xpcEtherClose             10002790 f   etherlib_vc:etherlib.obj
 0001:00001800       _xpcEtherTxInit            10002800 f   etherlib_vc:etherlib.obj
 0001:00001840       _xpcEtherTx                10002840 f   etherlib_vc:etherlib.obj
 0001:00001880       _xpcEtherRxInit            10002880 f   etherlib_vc:etherlib.obj
 0001:000018c0       _xpcEtherRxStart           100028c0 f   etherlib_vc:etherlib.obj
 0001:00001900       _xpcEtherRx                10002900 f   etherlib_vc:etherlib.obj
 0001:00001940       _xpcEtherGetMac            10002940 f   etherlib_vc:etherlib.obj
 0001:00001980       _xpcEtherGetSai            10002980 f   etherlib_vc:etherlib.obj
 0001:000019c0       _xpcEtherRxFilterReg       100029c0 f   etherlib_vc:etherlib.obj
 0001:00001ac0       _xpcEtherGetData           10002ac0 f   etherlib_vc:etherlib.obj
 0001:00001b10       _xpcEtherFindMatch         10002b10 f   etherlib_vc:etherlib.obj
 0001:00001ba0       _xpcEtherInitTSync         10002ba0 f   etherlib_vc:etherlib.obj
 0001:00001be0       _xpcEtherSetSystTime       10002be0 f   etherlib_vc:etherlib.obj
 0001:00001c20       _xpcEtherGetRxTimestamp    10002c20 f   etherlib_vc:etherlib.obj
 0001:00001c60       _xpcEtherGetTxTimestamp    10002c60 f   etherlib_vc:etherlib.obj
 0001:00001ca0       _xpcEtherGetSystTime       10002ca0 f   etherlib_vc:etherlib.obj
 0001:00001ce0       _xpcEtherGetRxTimestampAttr 10002ce0 f   etherlib_vc:etherlib.obj
 0001:00001d20       _xpcEtherSetTimeAdj        10002d20 f   etherlib_vc:etherlib.obj
 0001:00001d60       _xpcEtherSetTimeInc        10002d60 f   etherlib_vc:etherlib.obj
 0001:00001da0       _xpcEtherGetTimeInc        10002da0 f   etherlib_vc:etherlib.obj
 0001:00001de0       _xpcEtherBinData           10002de0 f   etherlib_vc:etherlib.obj
 0001:00001f00       _xpcEther8255xRegister     10002f00 f   ether8255x_vc:ether8255x.obj
 0001:00001f30       _xpcEther8255xUnRegister   10002f30 f   ether8255x_vc:ether8255x.obj
 0001:00001f50       _xpcEther8255xTxCommand    10002f50 f   ether8255x_vc:ether8255x.obj
 0001:00002050       _xpcEther8255xTx           10003050 f   ether8255x_vc:ether8255x.obj
 0001:00002300       _xpcEther8255xRxInit       10003300 f   ether8255x_vc:ether8255x.obj
 0001:000023a0       _xpcEther8255xRxStart      100033a0 f   ether8255x_vc:ether8255x.obj
 0001:00002430       _xpcEther8255xRx           10003430 f   ether8255x_vc:ether8255x.obj
 0001:00002740       _xpcEther8255xDumpStats    10003740 f   ether8255x_vc:ether8255x.obj
 0001:00002830       _xpcEther8255xRESET        10003830 f   ether8255x_vc:ether8255x.obj
 0001:00002870       _xpcEther8255xGetMac       10003870 f   ether8255x_vc:ether8255x.obj
 0001:000028c0       _xpcEther8255xGetSai       100038c0 f   ether8255x_vc:ether8255x.obj
 0001:000028e0       _xpcEther8255xOpen         100038e0 f   ether8255x_vc:ether8255x.obj
 0001:00002dc0       _xpcEther8255xClose        10003dc0 f   ether8255x_vc:ether8255x.obj
 0001:00002eb0       _xpcEther8255xTxInit       10003eb0 f   ether8255x_vc:ether8255x.obj
 0001:00003460       _read8255xMACaddress       10004460 f   ether8255x_vc:eeprom8255x.obj
 0001:00003570       _xpcEtherGbERegister       10004570 f   etherGbE_vc:etherGbE.obj
 0001:000035a0       _xpcEtherGbEUnRegister     100045a0 f   etherGbE_vc:etherGbE.obj
 0001:000035c0       _xpcEtherGbETxInit         100045c0 f   etherGbE_vc:etherGbE.obj
 0001:000036a0       _xpcEtherGbETx             100046a0 f   etherGbE_vc:etherGbE.obj
 0001:00003920       _xpcEtherGbERxInit         10004920 f   etherGbE_vc:etherGbE.obj
 0001:00003b40       _xpcEtherGbERxStart        10004b40 f   etherGbE_vc:etherGbE.obj
 0001:00003b70       _xpcEtherGbERx             10004b70 f   etherGbE_vc:etherGbE.obj
 0001:00003dd0       _xpcEtherGbEDumpStats      10004dd0 f   etherGbE_vc:etherGbE.obj
 0001:00003de0       _xpcEtherGbERESET          10004de0 f   etherGbE_vc:etherGbE.obj
 0001:00003f00       _xpcEtherGbEGetMac         10004f00 f   etherGbE_vc:etherGbE.obj
 0001:00003f50       _xpcEtherGbEGetSai         10004f50 f   etherGbE_vc:etherGbE.obj
 0001:00003f70       _xpcEtherGbEReadRxTimestamp 10004f70 f   etherGbE_vc:etherGbE.obj
 0001:00003fd0       _xpcEtherGbEReadTxTimestamp 10004fd0 f   etherGbE_vc:etherGbE.obj
 0001:00004030       _xpcEtherGbETSyncInit      10005030 f   etherGbE_vc:etherGbE.obj
 0001:000040d0       _xpcEtherGbESetSystTime    100050d0 f   etherGbE_vc:etherGbE.obj
 0001:000041e0       _xpcEtherGbEReadSystTime   100051e0 f   etherGbE_vc:etherGbE.obj
 0001:00004300       _xpcEtherGbEReadRxTimestampAttr 10005300 f   etherGbE_vc:etherGbE.obj
 0001:00004340       _xpcEtherGbEWriteTimeAdj   10005340 f   etherGbE_vc:etherGbE.obj
 0001:00004370       _xpcEtherGbESetTimeIncrement 10005370 f   etherGbE_vc:etherGbE.obj
 0001:000043b0       _xpcEtherGbEReadTimeIncrement 100053b0 f   etherGbE_vc:etherGbE.obj
 0001:000043d0       _xpcEtherGbEOpen           100053d0 f   etherGbE_vc:etherGbE.obj
 0001:00004790       _xpcEtherGbEClose          10005790 f   etherGbE_vc:etherGbE.obj
 0001:00004900       _readGbEMACaddress         10005900 f   etherGbE_vc:eepromGbE.obj
 0001:00004b30       _readGbEEEPROMWord         10005b30 f   etherGbE_vc:eepromGbE.obj
 0001:00004bd0       _ArpTablePrintNode         10005bd0 f   xpcip_vc:xpcarp.obj
 0001:00004d00       _ArpTableFindSuccessor     10005d00 f   xpcip_vc:xpcarp.obj
 0001:00004d40       _ArpTableFindPredecessor   10005d40 f   xpcip_vc:xpcarp.obj
 0001:00004d80       _ArpTableFindLeaf          10005d80 f   xpcip_vc:xpcarp.obj
 0001:00004db0       _ArpTableDeleteNode        10005db0 f   xpcip_vc:xpcarp.obj
 0001:00004fc0       _ArpTableRecycleTest       10005fc0 f   xpcip_vc:xpcarp.obj
 0001:00005030       _ArpTableRecycle           10006030 f   xpcip_vc:xpcarp.obj
 0001:000050b0       _ArpTableFind              100060b0 f   xpcip_vc:xpcarp.obj
 0001:000051c0       _ArpTableAdd               100061c0 f   xpcip_vc:xpcarp.obj
 0001:000054a0       _ArpSendEthernet           100064a0 f   xpcip_vc:xpcarp.obj
 0001:00005610       _ArpSendReply              10006610 f   xpcip_vc:xpcarp.obj
 0001:00005700       _ArpSendRequest            10006700 f   xpcip_vc:xpcarp.obj
 0001:00005820       _ArpSendIp                 10006820 f   xpcip_vc:xpcarp.obj
 0001:00005850       _ArpIsAddressPending       10006850 f   xpcip_vc:xpcarp.obj
 0001:000058b0       _ArpProcessPendingIp       100068b0 f   xpcip_vc:xpcarp.obj
 0001:00005b90       _ArpAcceptMulticast        10006b90 f   xpcip_vc:xpcarp.obj
 0001:00005bd0       _ArpProcessRx              10006bd0 f   xpcip_vc:xpcarp.obj
 0001:00006980       _ArpProcessRxDiscovery     10007980 f   xpcip_vc:xpcarp.obj
 0001:00007230       _ArpDiscovery              10008230 f   xpcip_vc:xpcarp.obj
 0001:000073e0       _ArpStatic                 100083e0 f   xpcip_vc:xpcarp.obj
 0001:00007560       _ArpTableQuery             10008560 f   xpcip_vc:xpcarp.obj
 0001:00007620       _ArpStatistics             10008620 f   xpcip_vc:xpcarp.obj
 0001:00007680       _ArpInit                   10008680 f   xpcip_vc:xpcarp.obj
 0001:00007e60       _ArpClose                  10008e60 f   xpcip_vc:xpcarp.obj
 0001:00008220       _ArpTic                    10009220 f   xpcip_vc:xpcarp.obj
 0001:00008280       _ArpRx                     10009280 f   xpcip_vc:xpcarp.obj
 0001:00008300       _ArpTx                     10009300 f   xpcip_vc:xpcarp.obj
 0001:00008870       _IpGetSourceAddress        10009870 f   xpcip_vc:xpcip.obj
 0001:00008a20       _IpInit                    10009a20 f   xpcip_vc:xpcip.obj
 0001:00008e00       _IpRegisterProtocol        10009e00 f   xpcip_vc:xpcip.obj
 0001:00008ec0       _IpClose                   10009ec0 f   xpcip_vc:xpcip.obj
 0001:00008fa0       _IpTic                     10009fa0 f   xpcip_vc:xpcip.obj
 0001:00009430       _IpTx                      1000a430 f   xpcip_vc:xpcip.obj
 0001:000099b0       _IpStatistics              1000a9b0 f   xpcip_vc:xpcip.obj
 0001:00009a40       _UdpInit                   1000aa40 f   xpcip_vc:xpcudp.obj
 0001:00009bc0       _UdpClose                  1000abc0 f   xpcip_vc:xpcudp.obj
 0001:00009c30       _UdpTic                    1000ac30 f   xpcip_vc:xpcudp.obj
 0001:00009eb0       _UdpTx                     1000aeb0 f   xpcip_vc:xpcudp.obj
 0001:00009f30       _UdpAssignPort             1000af30 f   xpcip_vc:xpcudp.obj
 0001:00009f90       _UdpBindPort               1000af90 f   xpcip_vc:xpcudp.obj
 0001:0000a140       _UdpUnbindPort             1000b140 f   xpcip_vc:xpcudp.obj
 0001:0000a210       _UdpStatistics             1000b210 f   xpcip_vc:xpcudp.obj
 0001:0000a260       _UdpProduce                1000b260 f   xpcip_vc:xpcudp.obj
 0001:0000a440       _UdpConsume                1000b440 f   xpcip_vc:xpcudp.obj
 0001:0000a5c0       _GetIpAddressType          1000b5c0 f   xpcip_vc:iputils.obj
 0001:0000a640       _GetMacAddressType         1000b640 f   xpcip_vc:iputils.obj
 0001:0000a6e0       _IpMulti2Mac               1000b6e0 f   xpcip_vc:iputils.obj
 0001:0000a710       _PrintIpString             1000b710 f   xpcip_vc:iputils.obj
 0001:0000a7d0       _PrintMacString            1000b7d0 f   xpcip_vc:iputils.obj
 0001:0000a820       _ExtractEtherType          1000b820 f   xpcip_vc:ipheaders.obj
 0001:0000a840       _ExtractArpOp              1000b840 f   xpcip_vc:ipheaders.obj
 0001:0000a860       _ExtractArpData            1000b860 f   xpcip_vc:ipheaders.obj
 0001:0000a930       _ExtractEthernetData       1000b930 f   xpcip_vc:ipheaders.obj
 0001:0000a9b0       _ExtractIpData             1000b9b0 f   xpcip_vc:ipheaders.obj
 0001:0000aa20       _ExtractPseudoIpData       1000ba20 f   xpcip_vc:ipheaders.obj
 0001:0000aa80       _ExtractUdpData            1000ba80 f   xpcip_vc:ipheaders.obj
 0001:0000aaf0       _ExtractPseudoUdpData      1000baf0 f   xpcip_vc:ipheaders.obj
 0001:0000ab90       _IpChecksum                1000bb90 f   xpcip_vc:ipheaders.obj
 0001:0000abf0       _UdpChecksum               1000bbf0 f   xpcip_vc:ipheaders.obj
 0001:0000ac60       _IcmpChecksum              1000bc60 f   xpcip_vc:xpcicmp.obj
 0001:0000acc0       _IcmpInit                  1000bcc0 f   xpcip_vc:xpcicmp.obj
 0001:0000ae30       _IcmpClose                 1000be30 f   xpcip_vc:xpcicmp.obj
 0001:0000ae80       _IcmpTic                   1000be80 f   xpcip_vc:xpcicmp.obj
 0001:0000b2c0       _IcmpErrorSend             1000c2c0 f   xpcip_vc:xpcicmp.obj
 0001:0000b6d0       _IcmpStatistics            1000c6d0 f   xpcip_vc:xpcicmp.obj
 0001:0000ef20       _MWDSPCG_FFT_DblLen_Z      1000ff20 f   quadripulse_controller14.obj
 0001:0000f1c0       _MWDSPCG_FFT_Interleave_R2BR_D 100101c0 f   quadripulse_controller14.obj
 0001:0000f350       _MWDSPCG_R2DIT_TBLS_Z      10010350 f   quadripulse_controller14.obj
 0001:0000f660       _MdlInitialize             10010660 f   quadripulse_controller14.obj
 0001:0000f670       _MdlInitializeSampleTimes  10010670 f   quadripulse_controller14.obj
 0001:0000f680       _MdlInitializeSizes        10010680 f   quadripulse_controller14.obj
 0001:0000f690       _MdlOutputs                10010690 f   quadripulse_controller14.obj
 0001:0000f6e0       _MdlStart                  100106e0 f   quadripulse_controller14.obj
 0001:0000f6f0       _MdlTerminate              100106f0 f   quadripulse_controller14.obj
 0001:0000f700       _MdlUpdate                 10010700 f   quadripulse_controller14.obj
 0001:0000f750       _quadripulse_controller14  10010750 f   quadripulse_controller14.obj
 0001:00018750       _rt_SimUpdateDiscreteEvents 10019750 f   quadripulse_controller14.obj
 0001:000187a0       _rt_roundd_snf             100197a0 f   quadripulse_controller14.obj
 0001:000188a0       _quadripulse_controller14_GetCAPIStaticMap 100198a0 f   quadripulse_controller14_capi.obj
 0001:000188b0       _quadripulse_controller14_InitializeDataMapInfo 100198b0 f   quadripulse_controller14_capi.obj
 0001:00018940       _TgtConnBackgroundTask     10019940 f   quadripulse_controller14_tgtconn.obj
 0001:00018950       _TgtConnInit               10019950 f   quadripulse_controller14_tgtconn.obj
 0001:00018970       _TgtConnPostStep           10019970 f   quadripulse_controller14_tgtconn.obj
 0001:00018980       _TgtConnPreStep            10019980 f   quadripulse_controller14_tgtconn.obj
 0001:00018990       _TgtConnTerm               10019990 f   quadripulse_controller14_tgtconn.obj
 0001:000189a0       _rtGetInf                  100199a0 f   rtGetInf.obj
 0001:000189d0       _rtGetInfF                 100199d0 f   rtGetInf.obj
 0001:000189f0       _rtGetMinusInf             100199f0 f   rtGetInf.obj
 0001:00018a20       _rtGetMinusInfF            10019a20 f   rtGetInf.obj
 0001:00018a40       _rtGetNaN                  10019a40 f   rtGetNaN.obj
 0001:00018a70       _rtGetNaNF                 10019a70 f   rtGetNaN.obj
 0001:000193a0       _rt_CreateLogVar           1001a3a0 f   rt_logging.obj
 0001:00019430       _rt_CreateLogVarWithConvert 1001a430 f   rt_logging.obj
 0001:00019db0       _rt_CreateStructLogVar     1001adb0 f   rt_logging.obj
 0001:0001ab20       _rt_GetMxIdFromDTypeId     1001bb20 f   rt_logging.obj
 0001:0001ab50       _rt_GetMxIdFromDTypeIdForRSim 1001bb50 f   rt_logging.obj
 0001:0001d460       _rt_StartDataLogging       1001e460 f   rt_logging.obj
 0001:0001d920       _rt_StartDataLoggingWithStartTime 1001e920 f   rt_logging.obj
 0001:0001e280       _rt_StopDataLogging        1001f280 f   rt_logging.obj
 0001:0001e2a0       _rt_StopDataLoggingImpl    1001f2a0 f   rt_logging.obj
 0001:0001e5c0       _rt_UpdateLogVar           1001f5c0 f   rt_logging.obj
 0001:0001f6b0       _rt_UpdateStructLogVar     100206b0 f   rt_logging.obj
 0001:0001f740       _rt_UpdateTXXFYLogVars     10020740 f   rt_logging.obj
 0001:0001fa80       _rt_UpdateTXYLogVars       10020a80 f   rt_logging.obj
 0001:0001fcd0       _rt_CleanUpForStateLogWithMMI 10020cd0 f   rt_logging_mmi.obj
 0001:0001fde0       _rt_FillStateSigInfoFromMMI 10020de0 f   rt_logging_mmi.obj
 0001:00020190       _rt_mxCreateCharMatrixFromStrings 10021190 f   rt_matrx.obj
 0001:000202e0       _rt_mxCreateDoubleMatrix   100212e0 f   rt_matrx.obj
 0001:00020340       _rt_mxCreateNumericArray   10021340 f   rt_matrx.obj
 0001:000203c0       _rt_mxCreateString         100213c0 f   rt_matrx.obj
 0001:00020450       _rt_mxDuplicateArray       10021450 f   rt_matrx.obj
 0001:000204b0       _rt_mxGetDimensions        100214b0 f   rt_matrx.obj
 0001:000204f0       _rt_mxGetEps               100214f0 f   rt_matrx.obj
 0001:00020500       _rt_mxGetString            10021500 f   rt_matrx.obj
 0001:00020580       _rtIsInf                   10021580 f   rt_nonfinite.obj
 0001:000205c0       _rtIsInfF                  100215c0 f   rt_nonfinite.obj
 0001:00020600       _rtIsNaN                   10021600 f   rt_nonfinite.obj
 0001:00020620       _rtIsNaNF                  10021620 f   rt_nonfinite.obj
 0001:00020640       _rt_InitInfAndNaN          10021640 f   rt_nonfinite.obj
 0001:000206a0       _rtPrintfNoOp              100216a0 f   rt_printf.obj
 0001:000206b0       _rt_ZCFcn                  100216b0 f   rt_zcfcn.obj
 0001:00020770       _rtwCAPI_CountSysRan       10021770 f   rtw_modelmap_utils.obj
 0001:00020810       _rtwCAPI_EncodePath        10021810 f   rtw_modelmap_utils.obj
 0001:00020910       _rtwCAPI_FillSysRan        10021910 f   rtw_modelmap_utils.obj
 0001:00020a00       _rtwCAPI_FreeFullPaths     10021a00 f   rtw_modelmap_utils.obj
 0001:00020a90       _rtwCAPI_GetFullStateBlockPath 10021a90 f   rtw_modelmap_utils.obj
 0001:00020c40       _rtwCAPI_GetNumContStateRecords 10021c40 f   rtw_modelmap_utils.obj
 0001:00020d00       _rtwCAPI_GetNumSigLogRecords 10021d00 f   rtw_modelmap_utils.obj
 0001:00020d50       _rtwCAPI_GetNumSigLogRecordsForRTWLogging 10021d50 f   rtw_modelmap_utils.obj
 0001:00020de0       _rtwCAPI_GetNumStateRecords 10021de0 f   rtw_modelmap_utils.obj
 0001:00020e30       _rtwCAPI_GetNumStateRecordsForRTWLogging 10021e30 f   rtw_modelmap_utils.obj
 0001:00020ec0       _rtwCAPI_GetSigAddrFromMap 10021ec0 f   rtw_modelmap_utils.obj
 0001:00020f80       _rtwCAPI_GetSigLogRecordInfo 10021f80 f   rtw_modelmap_utils.obj
 0001:000213b0       _rtwCAPI_GetStateRecordInfo 100223b0 f   rtw_modelmap_utils.obj
 0001:00021860       _rtwCAPI_GetStateWidth     10022860 f   rtw_modelmap_utils.obj
 0001:000218c0       _rtwCAPI_HasStates         100228c0 f   rtw_modelmap_utils.obj
 0001:00021930       _rtwCAPI_UpdateFullPaths   10022930 f   rtw_modelmap_utils.obj
 0001:00021b10       _MWDSP_Sort_Qk_Val_D       10022b10 f   sort_qk_val_d_rt.obj
 0001:00021da0       _DllMain@12                10022da0 f   xpctarget.obj
 0001:00021db0       _SLRTSetErrorStatus        10022db0 f   xpctarget.obj
 0001:00021dd0       _changeStepSize            10022dd0 f   xpctarget.obj
 0001:00021e70       _getDLMVersion             10022e70 f   xpctarget.obj
 0001:00021e80       _getRefMdlPath             10022e80 f   xpctarget.obj
 0001:00021f00       _getRefMdlSignalNumber     10022f00 f   xpctarget.obj
 0001:00021fb0       _getrlmdlinfo              10022fb0 f   xpctarget.obj
 0001:00022190       _quadripulse_controller14_ChangeStepSize 10023190 f   xpctarget.obj
 0001:00022230       _updateDiscreteEvents      10023230 f   xpctarget.obj
 0001:00022290       _getNumRef                 10023290 f   appmappingData.obj
 0001:000225e0       _xpcnb                     100235e0 f   xpcnb.obj
 0001:00022d60       _xpcetherinit              10023d60 f   xpcetherinit.obj
 0001:00023540       _xpcdebugarpinit           10024540 f   xpcdebugarpinit.obj
 0001:00023bd0       _xpcdebugipinit            10024bd0 f   xpcdebugipinit.obj
 0001:000240d0       _xpcdebugudpinit           100250d0 f   xpcdebugudpinit.obj
 0001:000249a0       _xpcudprx                  100259a0 f   xpcudprx.obj
 0001:00024f60       _xpcnbbuffer               10025f60 f   xpcnbbuffer.obj
 0001:000254e0       _xpcudpconsume             100264e0 f   xpcudpconsume.obj
 0001:00025890       _xpcnbextract              10026890 f   xpcnbextract.obj
 0001:000258d0       _doueipd2mfx               100268d0 f   doueipd2mfx.obj
 0001:000273e0       _parallelportdio           100283e0 f   parallelportdio.obj
 0001:00027430       __PdAO32Reset              10028430 f   pdfw_lib.obj
 0001:00027610       __PdAO32SetUpdateChannel   10028610 f   pdfw_lib.obj
 0001:00027680       __PdAO32Update             10028680 f   pdfw_lib.obj
 0001:000276e0       __PdAO32Write              100286e0 f   pdfw_lib.obj
 0001:00027760       __PdAO32WriteHold          10028760 f   pdfw_lib.obj
 0001:000277e0       __PdAO96SetUpdateChannel   100287e0 f   pdfw_lib.obj
 0001:00027870       __PdDIODMASet              10028870 f   pdfw_lib.obj
 0001:00027880       __PdDIOEnableOutput        10028880 f   pdfw_lib.obj
 0001:000279a0       __PdDIOExtLatchEnable      100289a0 f   pdfw_lib.obj
 0001:00027a30       __PdDIOExtLatchRead        10028a30 f   pdfw_lib.obj
 0001:00027ab0       __PdDIOGetIntrData         10028ab0 f   pdfw_lib.obj
 0001:00027ac0       __PdDIOIntrEnable          10028ac0 f   pdfw_lib.obj
 0001:00027ad0       __PdDIOLatchAll            10028ad0 f   pdfw_lib.obj
 0001:00027b40       __PdDIOPropEnable          10028b40 f   pdfw_lib.obj
 0001:00027c60       __PdDIORead                10028c60 f   pdfw_lib.obj
 0001:00027cd0       __PdDIOReadAll             10028cd0 f   pdfw_lib.obj
 0001:00027ce0       __PdDIOReset               10028ce0 f   pdfw_lib.obj
 0001:00027dc0       __PdDIOSetIntrMask         10028dc0 f   pdfw_lib.obj
 0001:00027dd0       __PdDIOSimpleRead          10028dd0 f   pdfw_lib.obj
 0001:00027e40       __PdDIOWrite               10028e40 f   pdfw_lib.obj
 0001:00027ec0       __PdGetCapsPtr             10028ec0 f   pdfw_lib.obj
 0001:00027f00       __PdParseCaps              10028f00 f   pdfw_lib.obj
 0001:000281c0       ___PdDIO256MakeCmd         100291c0 f   pdfw_lib.obj
 0001:00028250       ___PdDIO256MakeRegMask     10029250 f   pdfw_lib.obj
 0001:00028280       _delay                     10029280 f   pdfw_lib.obj
 0001:000282d0       _pd_adapter_acknowledge_interrupt 100292d0 f   pdfw_lib.obj
 0001:00028310       _pd_adapter_eeprom_read    10029310 f   pdfw_lib.obj
 0001:000283f0       _pd_adapter_eeprom_write   100293f0 f   pdfw_lib.obj
 0001:00028510       _pd_adapter_enable_interrupt 10029510 f   pdfw_lib.obj
 0001:00028570       _pd_adapter_get_board_status 10029570 f   pdfw_lib.obj
 0001:00028600       _pd_adapter_set_board_event1 10029600 f   pdfw_lib.obj
 0001:00028660       _pd_adapter_set_board_event2 10029660 f   pdfw_lib.obj
 0001:000286c0       _pd_adapter_test_interrupt 100296c0 f   pdfw_lib.obj
 0001:00028710       _pd_ain_async_init         10029710 f   pdfw_lib.obj
 0001:000288d0       _pd_ain_async_start        100298d0 f   pdfw_lib.obj
 0001:00028980       _pd_ain_async_stop         10029980 f   pdfw_lib.obj
 0001:000289f0       _pd_ain_async_term         100299f0 f   pdfw_lib.obj
 0001:00028ab0       _pd_ain_clear_data         10029ab0 f   pdfw_lib.obj
 0001:00028ae0       _pd_ain_flush_fifo         10029ae0 f   pdfw_lib.obj
 0001:00028cc0       _pd_ain_get_samples        10029cc0 f   pdfw_lib.obj
 0001:00028db0       _pd_ain_get_scans          10029db0 f   pdfw_lib.obj
 0001:00028f50       _pd_ain_get_status         10029f50 f   pdfw_lib.obj
 0001:00028f90       _pd_ain_get_value          10029f90 f   pdfw_lib.obj
 0001:00028ff0       _pd_ain_get_xfer_samples   10029ff0 f   pdfw_lib.obj
 0001:00029050       _pd_ain_read_scan          1002a050 f   pdfw_lib.obj
 0001:00029410       _pd_ain_reset              1002a410 f   pdfw_lib.obj
 0001:00029450       _pd_ain_reset_cl           1002a450 f   pdfw_lib.obj
 0001:00029490       _pd_ain_set_busmaster_list 1002a490 f   pdfw_lib.obj
 0001:000295a0       _pd_ain_set_channel_list   1002a5a0 f   pdfw_lib.obj
 0001:000298b0       _pd_ain_set_cl_clock       1002a8b0 f   pdfw_lib.obj
 0001:00029910       _pd_ain_set_config         1002a910 f   pdfw_lib.obj
 0001:00029b00       _pd_ain_set_cv_clock       1002ab00 f   pdfw_lib.obj
 0001:00029b60       _pd_ain_set_enable_conversion 1002ab60 f   pdfw_lib.obj
 0001:00029bc0       _pd_ain_set_events         1002abc0 f   pdfw_lib.obj
 0001:00029c20       _pd_ain_set_ssh_gain       1002ac20 f   pdfw_lib.obj
 0001:00029c80       _pd_ain_set_xfer_size      1002ac80 f   pdfw_lib.obj
 0001:00029cf0       _pd_ain_sw_cl_start        1002acf0 f   pdfw_lib.obj
 0001:00029d30       _pd_ain_sw_cv_start        1002ad30 f   pdfw_lib.obj
 0001:00029d70       _pd_ain_sw_start_trigger   1002ad70 f   pdfw_lib.obj
 0001:00029db0       _pd_ain_sw_stop_trigger    1002adb0 f   pdfw_lib.obj
 0001:00029df0       _pd_aout_clear_data        1002adf0 f   pdfw_lib.obj
 0001:00029e20       _pd_aout_dmaSet            1002ae20 f   pdfw_lib.obj
 0001:00029ea0       _pd_aout_get_status        1002aea0 f   pdfw_lib.obj
 0001:00029ee0       _pd_aout_put_block         1002aee0 f   pdfw_lib.obj
 0001:00029ff0       _pd_aout_put_value         1002aff0 f   pdfw_lib.obj
 0001:0002a050       _pd_aout_reset             1002b050 f   pdfw_lib.obj
 0001:0002a080       _pd_aout_set_config        1002b080 f   pdfw_lib.obj
 0001:0002a0f0       _pd_aout_set_cv_clk        1002b0f0 f   pdfw_lib.obj
 0001:0002a150       _pd_aout_set_enable_conversion 1002b150 f   pdfw_lib.obj
 0001:0002a1b0       _pd_aout_set_events        1002b1b0 f   pdfw_lib.obj
 0001:0002a210       _pd_aout_sw_cv_start       1002b210 f   pdfw_lib.obj
 0001:0002a240       _pd_aout_sw_start_trigger  1002b240 f   pdfw_lib.obj
 0001:0002a270       _pd_aout_sw_stop_trigger   1002b270 f   pdfw_lib.obj
 0001:0002a2a0       _pd_aout_write_scan        1002b2a0 f   pdfw_lib.obj
 0001:0002a330       _pd_cal_dac_write          1002b330 f   pdfw_lib.obj
 0001:0002a390       _pd_clear_daq_buffer       1002b390 f   pdfw_lib.obj
 0001:0002a4a0       _pd_clear_user_events      1002b4a0 f   pdfw_lib.obj
 0001:0002a740       _pd_debug_show_events      1002b740 f   pdfw_lib.obj
 0001:0002bc80       _pd_din_clear_data         1002cc80 f   pdfw_lib.obj
 0001:0002bcc0       _pd_din_clear_events       1002ccc0 f   pdfw_lib.obj
 0001:0002bd20       _pd_din_read               1002cd20 f   pdfw_lib.obj
 0001:0002bdd0       _pd_din_read_inputs        1002cdd0 f   pdfw_lib.obj
 0001:0002be20       _pd_din_reset              1002ce20 f   pdfw_lib.obj
 0001:0002be60       _pd_din_set_config         1002ce60 f   pdfw_lib.obj
 0001:0002bec0       _pd_din_set_event          1002cec0 f   pdfw_lib.obj
 0001:0002bf20       _pd_din_status             1002cf20 f   pdfw_lib.obj
 0001:0002bf70       _pd_dio256_read_input      1002cf70 f   pdfw_lib.obj
 0001:0002bfd0       _pd_dio256_read_input_all  1002cfd0 f   pdfw_lib.obj
 0001:0002c0b0       _pd_dio256_write_output    1002d0b0 f   pdfw_lib.obj
 0001:0002c120       _pd_disable_events         1002d120 f   pdfw_lib.obj
 0001:0002c2d0       _pd_dout_write             1002d2d0 f   pdfw_lib.obj
 0001:0002c450       _pd_dout_write_outputs     1002d450 f   pdfw_lib.obj
 0001:0002c4b0       _pd_download_firmware      1002d4b0 f   pdfw_lib.obj
 0001:0002c930       _pd_download_firmware_bootstrap 1002d930 f   pdfw_lib.obj
 0001:0002ca70       _pd_dsp_acknowledge_interrupt 1002da70 f   pdfw_lib.obj
 0001:0002cad0       _pd_dsp_cmd_no_ret         1002dad0 f   pdfw_lib.obj
 0001:0002cb00       _pd_dsp_cmd_ret_ack        1002db00 f   pdfw_lib.obj
 0001:0002cb40       _pd_dsp_cmd_ret_value      1002db40 f   pdfw_lib.obj
 0001:0002cb80       _pd_dsp_cmd_write_ack      1002db80 f   pdfw_lib.obj
 0001:0002cbe0       _pd_dsp_command            1002dbe0 f   pdfw_lib.obj
 0001:0002cc10       _pd_dsp_get_flags          1002dc10 f   pdfw_lib.obj
 0001:0002cc40       _pd_dsp_get_status         1002dc40 f   pdfw_lib.obj
 0001:0002cc60       _pd_dsp_int_status         1002dc60 f   pdfw_lib.obj
 0001:0002cc80       _pd_dsp_read               1002dc80 f   pdfw_lib.obj
 0001:0002ccf0       _pd_dsp_read_ack           1002dcf0 f   pdfw_lib.obj
 0001:0002cd10       _pd_dsp_read_x             1002dd10 f   pdfw_lib.obj
 0001:0002cd30       _pd_dsp_reg_read           1002dd30 f   pdfw_lib.obj
 0001:0002cd80       _pd_dsp_reg_write          1002dd80 f   pdfw_lib.obj
 0001:0002cdf0       _pd_dsp_set_flags          1002ddf0 f   pdfw_lib.obj
 0001:0002ce30       _pd_dsp_startup            1002de30 f   pdfw_lib.obj
 0001:0002cf70       _pd_dsp_write              1002df70 f   pdfw_lib.obj
 0001:0002cfd0       _pd_dsp_write_ack          1002dfd0 f   pdfw_lib.obj
 0001:0002d000       _pd_dsp_write_x            1002e000 f   pdfw_lib.obj
 0001:0002d020       _pd_echo_test              1002e020 f   pdfw_lib.obj
 0001:0002d090       _pd_enable_events          1002e090 f   pdfw_lib.obj
 0001:0002d2a0       _pd_get_adapter_info       1002e2a0 f   pdfw_lib.obj
 0001:0002db40       _pd_get_buf_status         1002eb40 f   pdfw_lib.obj
 0001:0002dbc0       _pd_get_user_events        1002ebc0 f   pdfw_lib.obj
 0001:0002dd60       _pd_immediate_update       1002ed60 f   pdfw_lib.obj
 0001:0002dde0       _pd_init_calibration       1002ede0 f   pdfw_lib.obj
 0001:0002e2c0       _pd_init_pd_board          1002f2c0 f   pdfw_lib.obj
 0001:0002e400       _pd_int_handler            1002f400 f   pdfw_lib.obj
 0001:0002e410       _pd_notify_user_events     1002f410 f   pdfw_lib.obj
 0001:0002e5a0       _pd_process_driver_events  1002f5a0 f   pdfw_lib.obj
 0001:0002e820       _pd_process_events         1002f820 f   pdfw_lib.obj
 0001:0002e880       _pd_process_pd_ain_get_samples 1002f880 f   pdfw_lib.obj
 0001:0002ebe0       _pd_register_daq_buffer    1002fbe0 f   pdfw_lib.obj
 0001:0002ec60       _pd_reset_board            1002fc60 f   pdfw_lib.obj
 0001:0002ec90       _pd_reset_dsp              1002fc90 f   pdfw_lib.obj
 0001:0002ed80       _pd_set_user_events        1002fd80 f   pdfw_lib.obj
 0001:0002f010       _pd_stop_and_disable_ain   10030010 f   pdfw_lib.obj
 0001:0002f0b0       _pd_uct_clear_event        100300b0 f   pdfw_lib.obj
 0001:0002f110       _pd_uct_get_status         10030110 f   pdfw_lib.obj
 0001:0002f150       _pd_uct_read               10030150 f   pdfw_lib.obj
 0001:0002f1b0       _pd_uct_reset              100301b0 f   pdfw_lib.obj
 0001:0002f1e0       _pd_uct_set_config         100301e0 f   pdfw_lib.obj
 0001:0002f240       _pd_uct_set_event          10030240 f   pdfw_lib.obj
 0001:0002f2a0       _pd_uct_set_sw_gate        100302a0 f   pdfw_lib.obj
 0001:0002f300       _pd_uct_sw_strobe          10030300 f   pdfw_lib.obj
 0001:0002f330       _pd_uct_write              10030330 f   pdfw_lib.obj
 0001:0002f390       _pd_unregister_daq_buffer  10030390 f   pdfw_lib.obj
 0001:0002f3c0       _pd_xpc_assign_device      100303c0 f   pdfw_lib.obj
 0001:0002f520       _readl                     10030520 f   pdfw_lib.obj
 0001:0002f530       _writel                    10030530 f   pdfw_lib.obj
 0001:0002f540       _GetPCIDeviceFull          10030540 f   xpcruntime:xpcimports.obj
 0001:0002f570       _ShowPCIDevice             10030570 f   xpcruntime:xpcimports.obj
 0001:0002fbe0       _xpcGetPciConfigAtSlot     10030be0 f   xpcruntime:xpcimports.obj
 0001:0002fe60       _xpcInitProcs              10030e60 f   xpcruntime:xpcimports.obj
 0001:000309c0       _xpceuploadevent           100319c0 f   xpcruntime:xpcimports.obj
 0001:000309c1       __heap_alloc               100319c1 f i LIBCMT:malloc.obj
 0001:000309fe       _malloc                    100319fe f   LIBCMT:malloc.obj
 0001:00030a90       __get_printf_count_output  10031a90 f   LIBCMT:printf.obj
 0001:00030aa5       __printf_l                 10031aa5 f   LIBCMT:printf.obj
 0001:00030abc       __printf_p                 10031abc f   LIBCMT:printf.obj
 0001:00030ad2       __printf_p_l               10031ad2 f   LIBCMT:printf.obj
 0001:00030ae9       __printf_s_l               10031ae9 f   LIBCMT:printf.obj
 0001:00030b00       __set_printf_count_output  10031b00 f   LIBCMT:printf.obj
 0001:00030b28       _printf                    10031b28 f   LIBCMT:printf.obj
 0001:00030bd7       _printf_s                  10031bd7 f   LIBCMT:printf.obj
 0001:00030bed       @__security_check_cookie@4 10031bed f   LIBCMT:secchk.obj
 0001:00030c00       _fmod                      10031c00 f   LIBCMT:87fmod.obj
 0001:00030c0a       __CIfmod                   10031c0a f   LIBCMT:87fmod.obj
 0001:00030c30       __chkstk                   10031c30 f   LIBCMT:chkstk.obj
 0001:00030c30       __alloca_probe             10031c30 f   LIBCMT:chkstk.obj
 0001:00030c60       __ftoui3                   10031c60 f   LIBCMT:ftol3.obj
 0001:00030c6f       __ftoul3                   10031c6f f   LIBCMT:ftol3.obj
 0001:00030c7e       __ftol3                    10031c7e f   LIBCMT:ftol3.obj
 0001:00030c8b       __ftol3_NaN                10031c8b f   LIBCMT:ftol3.obj
 0001:00030ca3       __ftol3_work               10031ca3 f   LIBCMT:ftol3.obj
 0001:00030d29       __ftol3_common             10031d29 f   LIBCMT:ftol3.obj
 0001:00030deb       __ftol3_arg_error          10031deb f   LIBCMT:ftol3.obj
 0001:00030dfd       __ftol3_except             10031dfd f   LIBCMT:ftol3.obj
 0001:00030e41       __dtoui3                   10031e41 f   LIBCMT:ftol3.obj
 0001:00030e50       __dtoul3                   10031e50 f   LIBCMT:ftol3.obj
 0001:00030e5f       __dtol3                    10031e5f f   LIBCMT:ftol3.obj
 0001:00030e6c       __dtol3_NaN                10031e6c f   LIBCMT:ftol3.obj
 0001:00030e89       __dtol3_work               10031e89 f   LIBCMT:ftol3.obj
 0001:00030f6e       __ultod3                   10031f6e f   LIBCMT:ftol3.obj
 0001:00030fff       __ltod3                    10031fff f   LIBCMT:ftol3.obj
 0001:00031030       _ceil                      10032030 f   LIBCMT:ceil_pentium4.obj
 0001:00031070       __ceil_pentium4            10032070 f   LIBCMT:ceil_pentium4.obj
 0001:00031150       _memcpy                    10032150 f   LIBCMT:memcpy.obj
 0001:000317a0       _memset                    100327a0 f   LIBCMT:memset.obj
 0001:00031830       __fpmath                   10032830 f   LIBCMT:fpinit.obj
 0001:00031847       ___setfflag                10032847 f   LIBCMT:fpinit.obj
 0001:0003185a       __cfltcvt_init             1003285a f   LIBCMT:fpinit.obj
 0001:000318ba       ___raise_securityfailure   100328ba f   LIBCMT:gs_report.obj
 0001:000318f7       ___report_gsfailure        100328f7 f   LIBCMT:gs_report.obj
 0001:000319f2       ___report_rangecheckfailure 100329f2 f   LIBCMT:gs_report.obj
 0001:000319fe       ___report_securityfailure  100329fe f   LIBCMT:gs_report.obj
 0001:00031ace       ___report_securityfailureEx 10032ace f   LIBCMT:gs_report.obj
 0001:00031be4       ___copy_path_to_wide_string 10032be4 f   LIBCMT:crt0dat.obj
 0001:00031c96       ___copy_to_char            10032c96 f   LIBCMT:crt0dat.obj
 0001:00031d4b       ___crtCorExitProcess       10032d4b f   LIBCMT:crt0dat.obj
 0001:00031d7f       ___crtExitProcess          10032d7f f   LIBCMT:crt0dat.obj
 0001:00031d95       ___freeCrtMemory           10032d95 f   LIBCMT:crt0dat.obj
 0001:00031ea2       __amsg_exit                10032ea2 f   LIBCMT:crt0dat.obj
 0001:00031ebe       __c_exit                   10032ebe f   LIBCMT:crt0dat.obj
 0001:00031ecd       __cexit                    10032ecd f   LIBCMT:crt0dat.obj
 0001:00031edc       __cinit                    10032edc f   LIBCMT:crt0dat.obj
 0001:00031f60       __exit                     10032f60 f   LIBCMT:crt0dat.obj
 0001:00031f74       __exit_app                 10032f74 f   LIBCMT:crt0dat.obj
 0001:00031f82       __get_pgmptr               10032f82 f   LIBCMT:crt0dat.obj
 0001:00031fb1       __get_wpgmptr              10032fb1 f   LIBCMT:crt0dat.obj
 0001:00031fe0       __init_pointers            10032fe0 f   LIBCMT:crt0dat.obj
 0001:0003204e       __initterm_e               1003304e f   LIBCMT:crt0dat.obj
 0001:00032070       __lockexit                 10033070 f   LIBCMT:crt0dat.obj
 0001:00032079       __unlockexit               10033079 f   LIBCMT:crt0dat.obj
 0001:000321b1       _exit                      100331b1 f   LIBCMT:crt0dat.obj
 0001:000321c5       _calloc                    100331c5 f   LIBCMT:calloc.obj
 0001:00032205       _free                      10033205 f   LIBCMT:free.obj
 0001:0003223d       _realloc                   1003323d f   LIBCMT:realloc.obj
 0001:000322f0       _memmove                   100332f0 f   LIBCMT:memmove.obj
 0001:00032940       _strchr                    10033940 f   LIBCMT:strchr.obj
 0001:000329ae       ___from_strstr_to_strchr   100339ae     LIBCMT:strchr.obj
 0001:00032a70       _strncat                   10033a70 f   LIBCMT:strncat.obj
 0001:00032bb0       _strncpy                   10033bb0 f   LIBCMT:strncpy.obj
 0001:00032cd4       ___initstdio               10033cd4 f   LIBCMT:_file.obj
 0001:00032d47       ___endstdio                10033d47 f   LIBCMT:_file.obj
 0001:00032d6e       ___iob_func                10033d6e f   LIBCMT:_file.obj
 0001:00032d74       __lock_file                10033d74 f   LIBCMT:_file.obj
 0001:00032db3       __lock_file2               10033db3 f   LIBCMT:_file.obj
 0001:00032de3       __unlock_file              10033de3 f   LIBCMT:_file.obj
 0001:00032e1d       __unlock_file2             10033e1d f   LIBCMT:_file.obj
 0001:00032e4a       __fclose_nolock            10033e4a f   LIBCMT:fclose.obj
 0001:00032eb6       _fclose                    10033eb6 f   LIBCMT:fclose.obj
 0001:00032f2d       __fsopen                   10033f2d f   LIBCMT:fopen.obj
 0001:00032ff1       _fopen                     10033ff1 f   LIBCMT:fopen.obj
 0001:00033006       _fopen_s                   10034006 f   LIBCMT:fopen.obj
 0001:0003304b       __fprintf_l                1003404b f   LIBCMT:fprintf.obj
 0001:00033065       __fprintf_p                10034065 f   LIBCMT:fprintf.obj
 0001:0003307e       __fprintf_p_l              1003407e f   LIBCMT:fprintf.obj
 0001:00033098       __fprintf_s_l              10034098 f   LIBCMT:fprintf.obj
 0001:000330b2       _fprintf                   100340b2 f   LIBCMT:fprintf.obj
 0001:000331c4       _fprintf_s                 100341c4 f   LIBCMT:fprintf.obj
 0001:000331dd       __fread_nolock             100341dd f   LIBCMT:fread.obj
 0001:000331f8       __fread_nolock_s           100341f8 f   LIBCMT:fread.obj
 0001:000333bd       _fread                     100343bd f   LIBCMT:fread.obj
 0001:000333d8       _fread_s                   100343d8 f   LIBCMT:fread.obj
 0001:00033469       __fwrite_nolock            10034469 f   LIBCMT:fwrite.obj
 0001:000335c2       _fwrite                    100345c2 f   LIBCMT:fwrite.obj
 0001:00033644       __unlink                   10034644 f   LIBCMT:unlink.obj
 0001:0003364d       _remove                    1003464d f   LIBCMT:unlink.obj
 0001:0003368f       _rewind                    1003468f f   LIBCMT:rewind.obj
 0001:0003374e       __scprintf                 1003474e f   LIBCMT:sprintf.obj
 0001:00033761       __scprintf_l               10034761 f   LIBCMT:sprintf.obj
 0001:00033778       __scprintf_p               10034778 f   LIBCMT:sprintf.obj
 0001:0003378b       __scprintf_p_l             1003478b f   LIBCMT:sprintf.obj
 0001:000337a2       __snprintf_s               100347a2 f   LIBCMT:sprintf.obj
 0001:000337c1       __snprintf_s_l             100347c1 f   LIBCMT:sprintf.obj
 0001:000337e1       __sprintf_l                100347e1 f   LIBCMT:sprintf.obj
 0001:000337fb       __sprintf_p                100347fb f   LIBCMT:sprintf.obj
 0001:00033817       __sprintf_p_l              10034817 f   LIBCMT:sprintf.obj
 0001:00033834       __sprintf_s_l              10034834 f   LIBCMT:sprintf.obj
 0001:00033851       _sprintf                   10034851 f   LIBCMT:sprintf.obj
 0001:000338d5       _sprintf_s                 100348d5 f   LIBCMT:sprintf.obj
 0001:000338f1       _ldexp                     100348f1 f   LIBCMT:ldexp.obj
 0001:00033add       ___isa_available_init      10034add f   LIBCMT:cpu_disp.obj
 0001:00033c56       __invoke_watson_if_error   10034c56 f i LIBCMT:wassert.obj
 0001:00033c76       __wassert                  10034c76 f   LIBCMT:wassert.obj
 0001:00034320       _strstr                    10035320 f   LIBCMT:strstr.obj
 0001:00034583       _strtok                    10035583 f   LIBCMT:strtok.obj
 0001:0003464a       __atoi64                   1003564a f   LIBCMT:atox.obj
 0001:0003465e       __atoi64_l                 1003565e f   LIBCMT:atox.obj
 0001:00034675       __atoi_l                   10035675 f   LIBCMT:atox.obj
 0001:0003467e       __atol_l                   1003567e f   LIBCMT:atox.obj
 0001:00034695       __atoll_l                  10035695 f   LIBCMT:atox.obj
 0001:000346ac       _atoi                      100356ac f   LIBCMT:atox.obj
 0001:000346b5       _atol                      100356b5 f   LIBCMT:atox.obj
 0001:000346c9       _atoll                     100356c9 f   LIBCMT:atox.obj
 0001:000346dd       __CRT_INIT@12              100356dd f   LIBCMT:dllcrt0.obj
 0001:0003484f       __DllMainCRTStartup@12     1003584f f   LIBCMT:dllcrt0.obj
 0001:00034980       ___DllXcptFilter           10035980 f   LIBCMT:dllcrt0.obj
 0001:000349b0       _pow                       100359b0 f   LIBCMT:pow.obj
 0001:000349f0       __CIpow                    100359f0 f   LIBCMT:pow.obj
 0001:00034a2b       __CIpow_default            10035a2b f   LIBCMT:pow.obj
 0001:00034a44       __pow_default              10035a44     LIBCMT:pow.obj
 0001:00034c40       __ftol2_sse                10035c40 f   LIBCMT:ftol2.obj
 0001:00034c49       __ftol2_pentium4           10035c49 f   LIBCMT:ftol2.obj
 0001:00034c5c       __ftol2_sse_excpt          10035c5c f   LIBCMT:ftol2.obj
 0001:00034c76       __ftol2                    10035c76 f   LIBCMT:ftol2.obj
 0001:00034cf0       __aullrem                  10035cf0 f   LIBCMT:ullrem.obj
 0001:00034d70       __allmul                   10035d70 f   LIBCMT:llmul.obj
 0001:00034da4       ?_query_new_handler@@YAP6AHI@ZXZ 10035da4 f   LIBCMT:handler.obj
 0001:00034db1       ?_set_new_handler@@YAP6AHI@ZH@Z 10035db1 f   LIBCMT:handler.obj
 0001:00034dba       ?_set_new_handler@@YAP6AHI@ZP6AHI@Z@Z 10035dba f   LIBCMT:handler.obj
 0001:00034def       __callnewh                 10035def f   LIBCMT:handler.obj
 0001:00034e15       __initp_heap_handler       10035e15 f   LIBCMT:handler.obj
 0001:00034e22       __FF_MSGBANNER             10035e22 f   LIBCMT:crt0msg.obj
 0001:00034e5b       __GET_RTERRMSG             10035e5b f   LIBCMT:crt0msg.obj
 0001:00034e7f       __NMSG_WRITE               10035e7f f   LIBCMT:crt0msg.obj
 0001:0003503c       ___doserrno                1003603c f   LIBCMT:dosmap.obj
 0001:0003504f       __dosmaperr                1003604f f   LIBCMT:dosmap.obj
 0001:00035070       __errno                    10036070 f   LIBCMT:dosmap.obj
 0001:00035083       __get_doserrno             10036083 f   LIBCMT:dosmap.obj
 0001:000350a6       __get_errno                100360a6 f   LIBCMT:dosmap.obj
 0001:000350c9       __get_errno_from_oserr     100360c9 f   LIBCMT:dosmap.obj
 0001:0003510a       __set_doserrno             1003610a f   LIBCMT:dosmap.obj
 0001:00035129       __set_errno                10036129 f   LIBCMT:dosmap.obj
 0001:00035148       __get_heap_handle          10036148 f   LIBCMT:heapinit.obj
 0001:0003514e       __heap_init                1003614e f   LIBCMT:heapinit.obj
 0001:00035163       __heap_term                10036163 f   LIBCMT:heapinit.obj
 0001:0003516b       ?_invalid_parameter@@YAXPBG00II@Z 1003616b f   LIBCMT:invarg.obj
 0001:00035170       ?_invoke_watson@@YAXPBG00II@Z 10036170 f   LIBCMT:invarg.obj
 0001:00035188       __call_reportfault         10036188 f   LIBCMT:invarg.obj
 0001:000352ad       __get_invalid_parameter_handler 100362ad f   LIBCMT:invarg.obj
 0001:000352ba       __initp_misc_invarg        100362ba f   LIBCMT:invarg.obj
 0001:000352c7       __invalid_parameter        100362c7 f   LIBCMT:invarg.obj
 0001:000352f2       __invalid_parameter_noinfo 100362f2 f   LIBCMT:invarg.obj
 0001:00035302       __invalid_parameter_noinfo_noreturn 10036302 f   LIBCMT:invarg.obj
 0001:0003531d       __invoke_watson            1003631d f   LIBCMT:invarg.obj
 0001:00035348       __set_invalid_parameter_handler 10036348 f   LIBCMT:invarg.obj
 0001:0003536d       __vprintf_l                1003636d f   LIBCMT:vprintf.obj
 0001:00035388       __vprintf_p                10036388 f   LIBCMT:vprintf.obj
 0001:000353a2       __vprintf_p_l              100363a2 f   LIBCMT:vprintf.obj
 0001:000353bd       __vprintf_s_l              100363bd f   LIBCMT:vprintf.obj
 0001:000353d8       _vprintf                   100363d8 f   LIBCMT:vprintf.obj
 0001:000353f2       _vprintf_helper            100363f2 f   LIBCMT:vprintf.obj
 0001:0003547f       _vprintf_s                 1003647f f   LIBCMT:vprintf.obj
 0001:00035499       __ftbuf                    10036499 f   LIBCMT:_sftbuf.obj
 0001:000354ca       __stbuf                    100364ca f   LIBCMT:_sftbuf.obj
 0001:00035570       ??0_LocaleUpdate@@QAE@PAUlocaleinfo_struct@@@Z 10036570 f i LIBCMT:output.obj
 0001:000355f8       ??1_LocaleUpdate@@QAE@XZ   100365f8 f i LIBCMT:output.obj
 0001:00035606       ?GetLocaleT@_LocaleUpdate@@QAEPAUlocaleinfo_struct@@XZ 10036606 f i LIBCMT:output.obj
 0001:00035609       __output_l                 10036609 f   LIBCMT:output.obj
 0001:00036189       _get_int64_arg             10037189 f i LIBCMT:output.obj
 0001:0003619c       _get_int_arg               1003719c f i LIBCMT:output.obj
 0001:000361ac       _get_short_arg             100371ac f i LIBCMT:output.obj
 0001:000362b0       __SEH_prolog4              100372b0 f   LIBCMT:sehprolg4.obj
 0001:000362f5       __SEH_epilog4              100372f5 f   LIBCMT:sehprolg4.obj
 0001:00036350       __except_handler4          10037350 f   LIBCMT:chandler4.obj
 0001:000364f0       __cintrindisp2             100374f0 f   LIBCMT:87cdisp.obj
 0001:0003652e       __cintrindisp1             1003752e f   LIBCMT:87cdisp.obj
 0001:0003656b       __ctrandisp2               1003756b f   LIBCMT:87cdisp.obj
 0001:000366fa       __ctrandisp1               100376fa f   LIBCMT:87cdisp.obj
 0001:0003672d       __fload                    1003772d f   LIBCMT:87cdisp.obj
 0001:00036770       __trandisp1                10037770 f   LIBCMT:87disp.obj
 0001:000367d7       __trandisp2                100377d7 f   LIBCMT:87disp.obj
 0001:00036863       __rttospopde               10037863     LIBCMT:87disp.obj
 0001:00036868       __rttospop                 10037868     LIBCMT:87disp.obj
 0001:0003686a       __rtnospop                 1003786a     LIBCMT:87disp.obj
 0001:0003686c       __rttosnpop                1003786c     LIBCMT:87disp.obj
 0001:0003686d       __rtnospopde               1003786d     LIBCMT:87disp.obj
 0001:00036874       __rtzeropop                10037874     LIBCMT:87disp.obj
 0001:00036876       __rtzeronpop               10037876     LIBCMT:87disp.obj
 0001:0003687b       __rtonepop                 1003787b     LIBCMT:87disp.obj
 0001:0003687d       __rtonenpop                1003787d     LIBCMT:87disp.obj
 0001:00036882       __tosnan1                  10037882     LIBCMT:87disp.obj
 0001:000368ad       __nosnan2                  100378ad     LIBCMT:87disp.obj
 0001:000368af       __tosnan2                  100378af     LIBCMT:87disp.obj
 0001:000368d7       __nan2                     100378d7     LIBCMT:87disp.obj
 0001:00036916       __rtindfpop                10037916     LIBCMT:87disp.obj
 0001:00036918       __rtindfnpop               10037918     LIBCMT:87disp.obj
 0001:00036929       __rttosnpopde              10037929     LIBCMT:87disp.obj
 0001:00036933       __rtchsifneg               10037933     LIBCMT:87disp.obj
 0001:0003693a       __errcode                  1003793a f   LIBCMT:fpexcept.obj
 0001:0003696c       __except1                  1003796c f   LIBCMT:fpexcept.obj
 0001:00036a34       __except2                  10037a34 f   LIBCMT:fpexcept.obj
 0001:00036b34       __handle_exc               10037b34 f   LIBCMT:fpexcept.obj
 0001:00036d12       __handle_qnan1             10037d12 f   LIBCMT:fpexcept.obj
 0001:00036d62       __handle_qnan2             10037d62 f   LIBCMT:fpexcept.obj
 0001:00036dc2       __raise_exc                10037dc2 f   LIBCMT:fpexcept.obj
 0001:00036de3       __raise_exc_ex             10037de3 f   LIBCMT:fpexcept.obj
 0001:000370c8       __raise_excf               100380c8 f   LIBCMT:fpexcept.obj
 0001:000370e9       __set_errno_from_matherr   100380e9 f   LIBCMT:fpexcept.obj
 0001:00037116       __umatherr                 10038116 f   LIBCMT:fpexcept.obj
 0001:000371b6       ___libm_error_support      100381b6 f   LIBCMT:libm_error.obj
 0001:0003749e       ___libm_setusermatherr     1003849e f   LIBCMT:libm_error.obj
 0001:000374ca       __sse2_mathfcns_init       100384ca f   LIBCMT:mathfcns.obj
 0001:000374d9       __set_SSE2_enable          100384d9 f   LIBCMT:mathfcns.obj
 0001:000374f8       __ceil_default             100384f8 f   LIBCMT:ceil.obj
 0001:000375cf       __VEC_memset               100385cf f   LIBCMT:p4_memset.obj
 0001:00037697       ?strrchr@@YAPADPADH@Z      10038697 f i LIBCMT:cvt.obj
 0001:000376a0       __cfltcvt                  100386a0 f   LIBCMT:cvt.obj
 0001:000376c1       __cfltcvt_l                100386c1 f   LIBCMT:cvt.obj
 0001:00037747       __cftoa                    10038747 f   LIBCMT:cvt.obj
 0001:00037765       __cftoa_l                  10038765 f   LIBCMT:cvt.obj
 0001:00037ac1       __cftoe                    10038ac1 f   LIBCMT:cvt.obj
 0001:00037c30       __cftoe_l                  10038c30 f   LIBCMT:cvt.obj
 0001:00037cfe       __cftof                    10038cfe f   LIBCMT:cvt.obj
 0001:00037e05       __cftof_l                  10038e05 f   LIBCMT:cvt.obj
 0001:00037ec6       __cftog                    10038ec6 f   LIBCMT:cvt.obj
 0001:00037ee4       __cftog_l                  10038ee4 f   LIBCMT:cvt.obj
 0001:00037fe3       __cropzeros                10038fe3 f   LIBCMT:cvt.obj
 0001:00037ff4       __cropzeros_l              10038ff4 f   LIBCMT:cvt.obj
 0001:00038074       __fassign                  10039074 f   LIBCMT:cvt.obj
 0001:0003808c       __fassign_l                1003908c f   LIBCMT:cvt.obj
 0001:000380ce       __forcdecpt                100390ce f   LIBCMT:cvt.obj
 0001:000380df       __forcdecpt_l              100390df f   LIBCMT:cvt.obj
 0001:00038153       __positive                 10039153 f   LIBCMT:cvt.obj
 0001:00038195       __setdefaultprecision      10039195 f   LIBCMT:fp8.obj
 0001:000381bc       __initp_misc_cfltcvt_tab   100391bc f   LIBCMT:cmiscdat.obj
 0001:000381db       __crt_debugger_hook        100391db f   LIBCMT:dbghook.obj
 0001:00038210       ___crtCloseThreadpoolTimer 10039210 f   LIBCMT:winapisupp.obj
 0001:00038227       ___crtCloseThreadpoolWait  10039227 f   LIBCMT:winapisupp.obj
 0001:0003823e       ___crtCreateEventExW       1003923e f   LIBCMT:winapisupp.obj
 0001:00038279       ___crtCreateSemaphoreExW   10039279 f   LIBCMT:winapisupp.obj
 0001:000382b3       ___crtCreateSymbolicLinkW  100392b3 f   LIBCMT:winapisupp.obj
 0001:000382dc       ___crtCreateThreadpoolTimer 100392dc f   LIBCMT:winapisupp.obj
 0001:000382fd       ___crtCreateThreadpoolWait 100392fd f   LIBCMT:winapisupp.obj
 0001:0003831e       ___crtFlsAlloc             1003931e f   LIBCMT:winapisupp.obj
 0001:0003833c       ___crtFlsFree              1003933c f   LIBCMT:winapisupp.obj
 0001:0003835b       ___crtFlsGetValue          1003935b f   LIBCMT:winapisupp.obj
 0001:0003837a       ___crtFlsSetValue          1003937a f   LIBCMT:winapisupp.obj
 0001:0003839c       ___crtFlushProcessWriteBuffers 1003939c f   LIBCMT:winapisupp.obj
 0001:000383ac       ___crtFreeLibraryWhenCallbackReturns 100393ac f   LIBCMT:winapisupp.obj
 0001:000383c6       ___crtGetCurrentProcessorNumber 100393c6 f   LIBCMT:winapisupp.obj
 0001:000383d8       ___crtGetFileInformationByHandleEx 100393d8 f   LIBCMT:winapisupp.obj
 0001:00038404       ___crtGetLogicalProcessorInformation 10039404 f   LIBCMT:winapisupp.obj
 0001:0003842a       ___crtGetShowWindowMode    1003942a f   LIBCMT:winapisupp.obj
 0001:0003844d       ___crtGetTickCount64       1003944d f   LIBCMT:winapisupp.obj
 0001:00038465       ___crtInitializeCriticalSectionEx 10039465 f   LIBCMT:winapisupp.obj
 0001:00038493       ___crtIsPackagedApp        10039493 f   LIBCMT:winapisupp.obj
 0001:000384d3       ___crtLoadWinApiPointers   100394d3 f   LIBCMT:winapisupp.obj
 0001:0003875e       ___crtSetFileInformationByHandle 1003975e f   LIBCMT:winapisupp.obj
 0001:0003878a       ___crtSetThreadStackGuarantee 1003978a f   LIBCMT:winapisupp.obj
 0001:000387a5       ___crtSetThreadpoolTimer   100397a5 f   LIBCMT:winapisupp.obj
 0001:000387c5       ___crtSetThreadpoolWait    100397c5 f   LIBCMT:winapisupp.obj
 0001:000387e2       ___crtSetUnhandledExceptionFilter 100397e2 f   LIBCMT:winapisupp.obj
 0001:000387f0       ___crtSleep                100397f0 f   LIBCMT:winapisupp.obj
 0001:000387fe       ___crtTerminateProcess     100397fe f   LIBCMT:winapisupp.obj
 0001:00038813       ___crtUnhandledException   10039813 f   LIBCMT:winapisupp.obj
 0001:00038829       ___crtWaitForThreadpoolTimerCallbacks 10039829 f   LIBCMT:winapisupp.obj
 0001:00038843       __RTC_Initialize           10039843 f   LIBCMT:initsect.obj
 0001:00038863       __RTC_Terminate            10039863 f   LIBCMT:initsect.obj
 0001:00038883       __lock                     10039883 f   LIBCMT:mlock.obj
 0001:000388b7       __lockerr_exit             100398b7 f   LIBCMT:mlock.obj
 0001:000388d7       __mtdeletelocks            100398d7 f   LIBCMT:mlock.obj
 0001:0003892b       __mtinitlocknum            1003992b f   LIBCMT:mlock.obj
 0001:000389d4       __mtinitlocks              100399d4 f   LIBCMT:mlock.obj
 0001:00038a0d       __unlock                   10039a0d f   LIBCMT:mlock.obj
 0001:00038a30       __FindPESection            10039a30 f   LIBCMT:pesect.obj
 0001:00038a80       __IsNonwritableInCurrentImage 10039a80 f   LIBCMT:pesect.obj
 0001:00038b40       __ValidateImageBase        10039b40 f   LIBCMT:pesect.obj
 0001:00038b71       ___onexitinit              10039b71 f   LIBCMT:onexit.obj
 0001:00038ba0       __onexit                   10039ba0 f   LIBCMT:onexit.obj
 0001:00038c9c       _atexit                    10039c9c f   LIBCMT:onexit.obj
 0001:00038cb1       __calloc_crt               10039cb1 f   LIBCMT:crtheap.obj
 0001:00038cf9       __malloc_crt               10039cf9 f   LIBCMT:crtheap.obj
 0001:00038d40       __realloc_crt              10039d40 f   LIBCMT:crtheap.obj
 0001:00038d8a       __recalloc_crt             10039d8a f   LIBCMT:crtheap.obj
 0001:00038dd8       __set_malloc_crt_max_wait  10039dd8 f   LIBCMT:crtheap.obj
 0001:00038deb       _wait_a_bit                10039deb f i LIBCMT:crtheap.obj
 0001:00038e0f       ?_inconsistency@@YAXXZ     10039e0f f   LIBCMT:hooks.obj
 0001:00038e47       ?terminate@@YAXXZ          10039e47 f   LIBCMT:hooks.obj
 0001:00038e7b       ?unexpected@@YAXXZ         10039e7b f   LIBCMT:hooks.obj
 0001:00038e8e       __initp_eh_hooks           10039e8e f   LIBCMT:hooks.obj
 0001:00038e9f       ___getlocaleinfo           10039e9f f   LIBCMT:inithelp.obj
 0001:00039078       __initp_misc_purevirt      1003a078 f   LIBCMT:inithelp.obj
 0001:00039085       ___fpecode                 1003a085 f   LIBCMT:winsig.obj
 0001:0003908e       ___get_sigabrt             1003a08e f   LIBCMT:winsig.obj
 0001:0003909b       ___pxcptinfoptrs           1003a09b f   LIBCMT:winsig.obj
 0001:000390a4       __initp_misc_winsig        1003a0a4 f   LIBCMT:winsig.obj
 0001:00039165       _raise                     1003a165 f   LIBCMT:winsig.obj
 0001:0003935a       _signal                    1003a35a f   LIBCMT:winsig.obj
 0001:000395b1       __initp_misc_rand_s        1003a5b1 f   LIBCMT:rand_s.obj
 0001:000395be       _rand_s                    1003a5be f   LIBCMT:rand_s.obj
 0001:000396c4       ___initmbctable            1003a6c4 f   LIBCMT:mbctype.obj
 0001:0003997b       ___updatetmbcinfo          1003a97b f   LIBCMT:mbctype.obj
 0001:00039a21       __getmbcp                  1003aa21 f   LIBCMT:mbctype.obj
 0001:00039a52       __setmbcp                  1003aa52 f   LIBCMT:mbctype.obj
 0001:00039bfa       __setmbcp_nolock           1003abfa f   LIBCMT:mbctype.obj
 0001:00039de5       __calloc_impl              1003ade5 f   LIBCMT:calloc_impl.obj
 0001:00039e5f       __fcloseall                1003ae5f f   LIBCMT:closeall.obj
 0001:00039efc       __fflush_nolock            1003aefc f   LIBCMT:fflush.obj
 0001:00039f42       __flush                    1003af42 f   LIBCMT:fflush.obj
 0001:00039fa6       __flushall                 1003afa6 f   LIBCMT:fflush.obj
 0001:00039faf       _fflush                    1003afaf f   LIBCMT:fflush.obj
 0001:0003a0ec       __fileno                   1003b0ec f   LIBCMT:fileno.obj
 0001:0003a110       __close                    1003b110 f   LIBCMT:close.obj
 0001:0003a1eb       __close_nolock             1003b1eb f   LIBCMT:close.obj
 0001:0003a285       __freebuf                  1003b285 f   LIBCMT:_freebuf.obj
 0001:0003a2b5       __getstream                1003b2b5 f   LIBCMT:stream.obj
 0001:0003a3d4       __openfile                 1003b3d4 f   LIBCMT:_open.obj
 0001:0003a650       __local_unwind4            1003b650 f   LIBCMT:exsup4.obj
 0001:0003a726       __seh_longjmp_unwind4@4    1003b726 f   LIBCMT:exsup4.obj
 0001:0003a742       @_EH4_CallFilterFunc@8     1003b742 f   LIBCMT:exsup4.obj
 0001:0003a759       @_EH4_TransferToHandler@8  1003b759 f   LIBCMT:exsup4.obj
 0001:0003a772       @_EH4_GlobalUnwind2@8      1003b772 f   LIBCMT:exsup4.obj
 0001:0003a78b       @_EH4_LocalUnwind@16       1003b78b f   LIBCMT:exsup4.obj
 0001:0003a7a2       __vfprintf_l               1003b7a2 f   LIBCMT:vfprintf.obj
 0001:0003a7c0       __vfprintf_p               1003b7c0 f   LIBCMT:vfprintf.obj
 0001:0003a7dd       __vfprintf_p_l             1003b7dd f   LIBCMT:vfprintf.obj
 0001:0003a7fb       __vfprintf_s_l             1003b7fb f   LIBCMT:vfprintf.obj
 0001:0003a819       _vfprintf                  1003b819 f   LIBCMT:vfprintf.obj
 0001:0003a836       _vfprintf_helper           1003b836 f   LIBCMT:vfprintf.obj
 0001:0003a947       _vfprintf_s                1003b947 f   LIBCMT:vfprintf.obj
 0001:0003a964       __ioinit                   1003b964 f   LIBCMT:ioinit.obj
 0001:0003ac18       __ioterm                   1003bc18 f   LIBCMT:ioinit.obj
 0001:0003ac6a       __filbuf                   1003bc6a f   LIBCMT:_filbuf.obj
 0001:0003ad8b       _memcpy_s                  1003bd8b f   LIBCMT:memcpy_s.obj
 0001:0003ae0a       __read                     1003be0a f   LIBCMT:read.obj
 0001:0003af1e       __read_nolock              1003bf1e f   LIBCMT:read.obj
 0001:0003b6af       __flsbuf                   1003c6af f   LIBCMT:_flsbuf.obj
 0001:0003b7fe       __write                    1003c7fe f   LIBCMT:write.obj
 0001:0003b8ed       __write_nolock             1003c8ed f   LIBCMT:write.obj
 0001:0003c152       __wremove                  1003d152 f   LIBCMT:wunlink.obj
 0001:0003c180       __wunlink                  1003d180 f   LIBCMT:wunlink.obj
 0001:0003c189       __lseek                    1003d189 f   LIBCMT:lseek.obj
 0001:0003c278       __lseek_nolock             1003d278 f   LIBCMT:lseek.obj
 0001:0003c31f       __vscprintf                1003d31f f   LIBCMT:vsprintf.obj
 0001:0003c339       __vscprintf_helper         1003d339 f   LIBCMT:vsprintf.obj
 0001:0003c395       __vscprintf_l              1003d395 f   LIBCMT:vsprintf.obj
 0001:0003c3b0       __vscprintf_p              1003d3b0 f   LIBCMT:vsprintf.obj
 0001:0003c3ca       __vscprintf_p_l            1003d3ca f   LIBCMT:vsprintf.obj
 0001:0003c3e5       __vsprintf_l               1003d3e5 f   LIBCMT:vsprintf.obj
 0001:0003c469       _vsprintf                  1003d469 f   LIBCMT:vsprintf.obj
 0001:0003c481       __vsnprintf_c              1003d481 f   LIBCMT:vsnprnc.obj
 0001:0003c4a8       __vsnprintf_c_l            1003d4a8 f   LIBCMT:vsnprnc.obj
 0001:0003c4d0       __vsnprintf_helper         1003d4d0 f   LIBCMT:vsnprnc.obj
 0001:0003c59a       __vsnprintf_s              1003d59a f   LIBCMT:vsnprnc.obj
 0001:0003c5b8       __vsnprintf_s_l            1003d5b8 f   LIBCMT:vsnprnc.obj
 0001:0003c6b8       __vsprintf_p               1003d6b8 f   LIBCMT:vsnprnc.obj
 0001:0003c6df       __vsprintf_p_l             1003d6df f   LIBCMT:vsnprnc.obj
 0001:0003c707       __vsprintf_s_l             1003d707 f   LIBCMT:vsnprnc.obj
 0001:0003c77c       _vsprintf_s                1003d77c f   LIBCMT:vsnprnc.obj
 0001:0003c797       __chgsign                  1003d797 f   LIBCMT:ieeemisc.obj
 0001:0003c7c4       __chgsignf                 1003d7c4 f   LIBCMT:ieeemisc.obj
 0001:0003c7e5       __copysign                 1003d7e5 f   LIBCMT:ieeemisc.obj
 0001:0003c80d       __copysignf                1003d80d f   LIBCMT:ieeemisc.obj
 0001:0003c829       __finite                   1003d829 f   LIBCMT:ieeemisc.obj
 0001:0003c841       __fpclass                  1003d841 f   LIBCMT:ieeemisc.obj
 0001:0003c8dd       __isnan                    1003d8dd f   LIBCMT:ieeemisc.obj
 0001:0003c910       __logb                     1003d910 f   LIBCMT:ieeemisc.obj
 0001:0003c9f1       __nextafter                1003d9f1 f   LIBCMT:ieeemisc.obj
 0001:0003cc91       __scalb                    1003dc91 f   LIBCMT:ieeemisc.obj
 0001:0003cca9       __add_exp                  1003dca9 f   LIBCMT:util.obj
 0001:0003ccd8       __decomp                   1003dcd8 f   LIBCMT:util.obj
 0001:0003cdaa       __get_exp                  1003ddaa f   LIBCMT:util.obj
 0001:0003cdc3       __set_bexp                 1003ddc3 f   LIBCMT:util.obj
 0001:0003cdec       __set_exp                  1003ddec f   LIBCMT:util.obj
 0001:0003ce1b       __sptype                   1003de1b f   LIBCMT:util.obj
 0001:0003ce76       ___clrfp_sse2              1003de76 f   LIBCMT:fpctrl.obj
 0001:0003ce97       ___ctrlfp_sse2             1003de97 f   LIBCMT:fpctrl.obj
 0001:0003ced0       ___fclrf_sse2              1003ded0 f   LIBCMT:fpctrl.obj
 0001:0003ceed       ___get_fpsr_sse2           1003deed f   LIBCMT:fpctrl.obj
 0001:0003cf09       ___set_fpsr_sse2           1003df09 f   LIBCMT:fpctrl.obj
 0001:0003cf7f       ___set_statfp_sse2         1003df7f f   LIBCMT:fpctrl.obj
 0001:0003cf98       ___statfp_sse2             1003df98 f   LIBCMT:fpctrl.obj
 0001:0003cfad       __clrfp                    1003dfad f   LIBCMT:fpctrl.obj
 0001:0003cfbe       __ctrlfp                   1003dfbe f   LIBCMT:fpctrl.obj
 0001:0003cfe9       __set_statfp               1003dfe9 f   LIBCMT:fpctrl.obj
 0001:0003d041       __statfp                   1003e041 f   LIBCMT:fpctrl.obj
 0001:0003d051       _wcscat_s                  1003e051 f   LIBCMT:wcscat_s.obj
 0001:0003d0bd       _wcscpy_s                  1003e0bd f   LIBCMT:wcscpy_s.obj
 0001:0003d119       _wcslen                    1003e119 f   LIBCMT:wcslen.obj
 0001:0003d132       _wcsncat_s                 1003e132 f   LIBCMT:wcsncat_s.obj
 0001:0003d200       __set_abort_behavior       1003e200 f   LIBCMT:abort.obj
 0001:0003d21f       _abort                     1003e21f f   LIBCMT:abort.obj
 0001:0003d262       ___set_app_type            1003e262 f   LIBCMT:errmode.obj
 0001:0003d26f       __set_error_mode           1003e26f f   LIBCMT:errmode.obj
 0001:0003d3cb       __i64tow_s                 1003e3cb f   LIBCMT:xtows.obj
 0001:0003d3fc       __itow_s                   1003e3fc f   LIBCMT:xtows.obj
 0001:0003d425       __ltow_s                   1003e425 f   LIBCMT:xtows.obj
 0001:0003d44f       __ui64tow_s                1003e44f f   LIBCMT:xtows.obj
 0001:0003d46a       __ultow_s                  1003e46a f   LIBCMT:xtows.obj
 0001:0003d575       _setvbuf                   1003e575 f   LIBCMT:setvbuf.obj
 0001:0003d67b       __fwprintf_l               1003e67b f   LIBCMT:fwprintf.obj
 0001:0003d695       __fwprintf_p               1003e695 f   LIBCMT:fwprintf.obj
 0001:0003d6ae       __fwprintf_p_l             1003e6ae f   LIBCMT:fwprintf.obj
 0001:0003d6c8       __fwprintf_s_l             1003e6c8 f   LIBCMT:fwprintf.obj
 0001:0003d6e2       _fwprintf                  1003e6e2 f   LIBCMT:fwprintf.obj
 0001:0003d776       _fwprintf_s                1003e776 f   LIBCMT:fwprintf.obj
 0001:0003d78f       __vsnwprintf_s             1003e78f f   LIBCMT:vswprnc.obj
 0001:0003d7ad       __vsnwprintf_s_l           1003e7ad f   LIBCMT:vswprnc.obj
 0001:0003d8b1       __vswprintf_c              1003e8b1 f   LIBCMT:vswprnc.obj
 0001:0003d8d8       __vswprintf_c_l            1003e8d8 f   LIBCMT:vswprnc.obj
 0001:0003d900       __vswprintf_helper         1003e900 f   LIBCMT:vswprnc.obj
 0001:0003d9fb       __vswprintf_p              1003e9fb f   LIBCMT:vswprnc.obj
 0001:0003da22       __vswprintf_p_l            1003ea22 f   LIBCMT:vswprnc.obj
 0001:0003da4a       __vswprintf_s_l            1003ea4a f   LIBCMT:vswprnc.obj
 0001:0003dac1       _vswprintf_s               1003eac1 f   LIBCMT:vswprnc.obj
 0001:0003dadc       ___crtMessageBoxW          1003eadc f   LIBCMT:crtmboxw.obj
 0001:0003dcc2       ___crtMessageBoxWaitThreadW@4 1003ecc2 f   LIBCMT:crtmboxw.obj
 0001:0003dce0       ___get_flsindex            1003ece0 f   LIBCMT:tidtable.obj
 0001:0003dce6       ___threadhandle            1003ece6 f   LIBCMT:tidtable.obj
 0001:0003dcec       ___threadid                1003ecec f   LIBCMT:tidtable.obj
 0001:0003dcf2       __freefls@4                1003ecf2 f   LIBCMT:tidtable.obj
 0001:0003de27       __freeptd                  1003ee27 f   LIBCMT:tidtable.obj
 0001:0003de5d       __getptd                   1003ee5d f   LIBCMT:tidtable.obj
 0001:0003de75       __getptd_noexit            1003ee75 f   LIBCMT:tidtable.obj
 0001:0003dee4       __initptd                  1003eee4 f   LIBCMT:tidtable.obj
 0001:0003df97       __mtinit                   1003ef97 f   LIBCMT:tidtable.obj
 0001:0003e00d       __mtterm                   1003f00d f   LIBCMT:tidtable.obj
 0001:0003e29a       __strtof_l                 1003f29a f   LIBCMT:strtoq.obj
 0001:0003e2ba       __strtoi64                 1003f2ba f   LIBCMT:strtoq.obj
 0001:0003e2e4       __strtoi64_l               1003f2e4 f   LIBCMT:strtoq.obj
 0001:0003e2ff       __strtoimax_l              1003f2ff f   LIBCMT:strtoq.obj
 0001:0003e308       __strtold_l                1003f308 f   LIBCMT:strtoq.obj
 0001:0003e311       __strtoll_l                1003f311 f   LIBCMT:strtoq.obj
 0001:0003e31a       __strtoui64                1003f31a f   LIBCMT:strtoq.obj
 0001:0003e344       __strtoui64_l              1003f344 f   LIBCMT:strtoq.obj
 0001:0003e35f       __strtoull_l               1003f35f f   LIBCMT:strtoq.obj
 0001:0003e368       __strtoumax_l              1003f368 f   LIBCMT:strtoq.obj
 0001:0003e371       _strtof                    1003f371 f   LIBCMT:strtoq.obj
 0001:0003e390       _strtoimax                 1003f390 f   LIBCMT:strtoq.obj
 0001:0003e399       _strtold                   1003f399 f   LIBCMT:strtoq.obj
 0001:0003e3a2       _strtoll                   1003f3a2 f   LIBCMT:strtoq.obj
 0001:0003e3ab       _strtoull                  1003f3ab f   LIBCMT:strtoq.obj
 0001:0003e3b4       _strtoumax                 1003f3b4 f   LIBCMT:strtoq.obj
 0001:0003e5e3       __strtol_l                 1003f5e3 f   LIBCMT:strtol.obj
 0001:0003e5fe       __strtoul_l                1003f5fe f   LIBCMT:strtol.obj
 0001:0003e619       _strtol                    1003f619 f   LIBCMT:strtol.obj
 0001:0003e643       _strtoul                   1003f643 f   LIBCMT:strtol.obj
 0001:0003e66d       __XcptFilter               1003f66d f   LIBCMT:winxfltr.obj
 0001:0003e7c8       ___CppXcptFilter           1003f7c8 f   LIBCMT:winxfltr.obj
 0001:0003e81a       __set_pgmptr               1003f81a f i LIBCMT:stdargv.obj
 0001:0003e827       __setargv                  1003f827 f   LIBCMT:stdargv.obj
 0001:0003ea56       __setenvp                  1003fa56 f   LIBCMT:stdenvp.obj
 0001:0003eb37       ___security_init_cookie    1003fb37 f   LIBCMT:gs_support.obj
 0001:0003ebd3       ___crtGetEnvironmentStringsA 1003fbd3 f   LIBCMT:a_env.obj
 0001:0003ec60       __CIpow_pentium4           1003fc60 f   LIBCMT:pow_pentium4.obj
 0001:0003ec79       __pow_pentium4             1003fc79     LIBCMT:pow_pentium4.obj
 0001:0003f7d1       __fFEXP                    100407d1     LIBCMT:87tran.obj
 0001:0003f828       __rtinfpopse               10040828     LIBCMT:87tran.obj
 0001:0003f82a       __rtinfnpopse              1004082a     LIBCMT:87tran.obj
 0001:0003f83a       __fFLN                     1004083a     LIBCMT:87tran.obj
 0001:0003f8ef       __rtinfpop                 100408ef     LIBCMT:87tran.obj
 0001:0003f8f1       __rtinfnpop                100408f1     LIBCMT:87tran.obj
 0001:0003f90e       __ffexpm1                  1004090e     LIBCMT:87tran.obj
 0001:0003f9c0       __startTwoArgErrorHandling 100409c0 f   LIBCMT:genexcep.obj
 0001:0003f9d7       __startOneArgErrorHandling 100409d7 f   LIBCMT:genexcep.obj
 0001:0003fa20       __twoToTOS                 10040a20 f   LIBCMT:common.obj
 0001:0003fa35       __load_CW                  10040a35 f   LIBCMT:common.obj
 0001:0003fa4c       __convertTOStoQNaN         10040a4c f   LIBCMT:common.obj
 0001:0003fa65       __fload_withFB             10040a65 f   LIBCMT:common.obj
 0001:0003faa8       __checkTOS_withFB          10040aa8 f   LIBCMT:common.obj
 0001:0003fabe       __fast_exit                10040abe f   LIBCMT:common.obj
 0001:0003facb       __math_exit                10040acb f   LIBCMT:common.obj
 0001:0003faf5       __check_overflow_exit      10040af5 f   LIBCMT:common.obj
 0001:0003fb09       __check_range_exit         10040b09 f   LIBCMT:common.obj
 0001:0003fbac       __d_inttype                10040bac f   LIBCMT:powhlp.obj
 0001:0003fc14       __powhlp                   10040c14 f   LIBCMT:powhlp.obj
 0001:0003fd50       _strlen                    10040d50 f   LIBCMT:strlen.obj
 0001:0003fddb       _wcsncpy_s                 10040ddb f   LIBCMT:wcsncpy_s.obj
 0001:0003fe99       __output_s_l               10040e99 f   LIBCMT:outputs.obj
 0001:00040b21       __output_p_l               10041b21 f   LIBCMT:outputp.obj
 0001:00041e59       __validate_param_reuseA    10042e59 f   LIBCMT:outputp.obj
 0001:00041f8f       _get_crtdouble_arg         10042f8f f i LIBCMT:outputp.obj
 0001:0004208e       __isatty                   1004308e f   LIBCMT:isatty.obj
 0001:000420e2       ___addlocaleref            100430e2 f   LIBCMT:localref.obj
 0001:00042177       ___freetlocinfo            10043177 f   LIBCMT:localref.obj
 0001:000422d1       ___removelocaleref         100432d1 f   LIBCMT:localref.obj
 0001:00042371       ___updatetlocinfo          10043371 f   LIBCMT:localref.obj
 0001:000423f1       __updatetlocinfoEx_nolock  100433f1 f   LIBCMT:localref.obj
 0001:0004243c       ___iswcsym                 1004343c f i LIBCMT:_wctype.obj
 0001:00042460       ___iswcsymf                10043460 f i LIBCMT:_wctype.obj
 0001:00042484       __isleadbyte_l             10043484 f i LIBCMT:_wctype.obj
 0001:000424be       __iswalnum_l               100434be f i LIBCMT:_wctype.obj
 0001:000424d2       __iswalpha_l               100434d2 f i LIBCMT:_wctype.obj
 0001:000424e6       __iswblank_l               100434e6 f i LIBCMT:_wctype.obj
 0001:00042501       __iswcntrl_l               10043501 f i LIBCMT:_wctype.obj
 0001:00042512       __iswcsym_l                10043512 f i LIBCMT:_wctype.obj
 0001:00042536       __iswcsymf_l               10043536 f i LIBCMT:_wctype.obj
 0001:0004255a       __iswdigit_l               1004355a f i LIBCMT:_wctype.obj
 0001:0004256b       __iswgraph_l               1004356b f i LIBCMT:_wctype.obj
 0001:0004257f       __iswlower_l               1004357f f i LIBCMT:_wctype.obj
 0001:00042590       __iswprint_l               10043590 f i LIBCMT:_wctype.obj
 0001:000425a4       __iswpunct_l               100435a4 f i LIBCMT:_wctype.obj
 0001:000425b5       __iswspace_l               100435b5 f i LIBCMT:_wctype.obj
 0001:000425c6       __iswupper_l               100435c6 f i LIBCMT:_wctype.obj
 0001:000425d7       __iswxdigit_l              100435d7 f i LIBCMT:_wctype.obj
 0001:000425eb       _isleadbyte                100435eb f i LIBCMT:_wctype.obj
 0001:000425fc       _iswalnum                  100435fc f i LIBCMT:_wctype.obj
 0001:00042610       _iswalpha                  10043610 f i LIBCMT:_wctype.obj
 0001:00042624       _iswascii                  10043624 f i LIBCMT:_wctype.obj
 0001:00042636       _iswblank                  10043636 f i LIBCMT:_wctype.obj
 0001:00042651       _iswcntrl                  10043651 f i LIBCMT:_wctype.obj
 0001:00042662       _iswdigit                  10043662 f i LIBCMT:_wctype.obj
 0001:00042673       _iswgraph                  10043673 f i LIBCMT:_wctype.obj
 0001:00042687       _iswlower                  10043687 f i LIBCMT:_wctype.obj
 0001:00042698       _iswprint                  10043698 f i LIBCMT:_wctype.obj
 0001:000426ac       _iswpunct                  100436ac f i LIBCMT:_wctype.obj
 0001:000426bd       _iswspace                  100436bd f i LIBCMT:_wctype.obj
 0001:000426ce       _iswupper                  100436ce f i LIBCMT:_wctype.obj
 0001:000426df       _iswxdigit                 100436df f i LIBCMT:_wctype.obj
 0001:000426f3       __wctomb_l                 100436f3 f   LIBCMT:wctomb.obj
 0001:00042742       __wctomb_s_l               10043742 f   LIBCMT:wctomb.obj
 0001:00042866       _wctomb                    10043866 f   LIBCMT:wctomb.obj
 0001:00042899       _wctomb_s                  10043899 f   LIBCMT:wctomb.obj
 0001:000428c0       __aulldvrm                 100438c0 f   LIBCMT:ulldvrm.obj
 0001:00042955       __87except                 10043955 f   LIBCMT:87except.obj
 0001:00042a5e       __matherr                  10043a5e f   LIBCMT:matherr.obj
 0001:00042a61       __frnd                     10043a61 f   LIBCMT:frnd.obj
 0001:00042a75       ___isascii                 10043a75 f i LIBCMT:_ctype.obj
 0001:00042a85       ___iscsym                  10043a85 f i LIBCMT:_ctype.obj
 0001:00042aa5       ___iscsymf                 10043aa5 f i LIBCMT:_ctype.obj
 0001:00042ac2       ___toascii                 10043ac2 f i LIBCMT:_ctype.obj
 0001:00042acd       __isalnum_l                10043acd f i LIBCMT:_ctype.obj
 0001:00042b25       __isalpha_l                10043b25 f i LIBCMT:_ctype.obj
 0001:00042b7d       __isblank_l                10043b7d f i LIBCMT:_ctype.obj
 0001:00042bd7       __iscntrl_l                10043bd7 f i LIBCMT:_ctype.obj
 0001:00042c29       __iscsym_l                 10043c29 f i LIBCMT:_ctype.obj
 0001:00042c4a       __iscsymf_l                10043c4a f i LIBCMT:_ctype.obj
 0001:00042c6b       __isdigit_l                10043c6b f i LIBCMT:_ctype.obj
 0001:00042cbd       __isgraph_l                10043cbd f i LIBCMT:_ctype.obj
 0001:00042d15       __islower_l                10043d15 f i LIBCMT:_ctype.obj
 0001:00042d67       __isprint_l                10043d67 f i LIBCMT:_ctype.obj
 0001:00042dbf       __ispunct_l                10043dbf f i LIBCMT:_ctype.obj
 0001:00042e11       __isspace_l                10043e11 f i LIBCMT:_ctype.obj
 0001:00042e63       __isupper_l                10043e63 f i LIBCMT:_ctype.obj
 0001:00042eb5       __isxdigit_l               10043eb5 f i LIBCMT:_ctype.obj
 0001:00042f0d       _isalnum                   10043f0d f i LIBCMT:_ctype.obj
 0001:00042f3a       _isalpha                   10043f3a f i LIBCMT:_ctype.obj
 0001:00042f67       _isblank                   10043f67 f i LIBCMT:_ctype.obj
 0001:00042f9c       _iscntrl                   10043f9c f i LIBCMT:_ctype.obj
 0001:00042fc7       _isdigit                   10043fc7 f i LIBCMT:_ctype.obj
 0001:00042ff2       _isgraph                   10043ff2 f i LIBCMT:_ctype.obj
 0001:0004301f       _islower                   1004401f f i LIBCMT:_ctype.obj
 0001:0004304a       _isprint                   1004404a f i LIBCMT:_ctype.obj
 0001:00043077       _ispunct                   10044077 f i LIBCMT:_ctype.obj
 0001:000430a2       _isspace                   100440a2 f i LIBCMT:_ctype.obj
 0001:000430cd       _isupper                   100440cd f i LIBCMT:_ctype.obj
 0001:000430f8       _isxdigit                  100440f8 f i LIBCMT:_ctype.obj
 0001:00043125       __tolower                  10044125 f   LIBCMT:tolower.obj
 0001:00043130       __tolower_l                10044130 f   LIBCMT:tolower.obj
 0001:00043273       _tolower                   10044273 f   LIBCMT:tolower.obj
 0001:0004329f       _strcpy_s                  1004429f f   LIBCMT:strcpy_s.obj
 0001:00043300       _strrchr                   10044300 f   LIBCMT:strrchr.obj
 0001:00043437       __fptostr                  10044437 f   LIBCMT:_fptostr.obj
 0001:000434e7       ___crt_atoflt_l            100444e7 f   LIBCMT:atodbl.obj
 0001:0004358b       __atodbl                   1004458b f   LIBCMT:atodbl.obj
 0001:000435a0       __atodbl_l                 100445a0 f   LIBCMT:atodbl.obj
 0001:0004362e       __atoflt                   1004462e f   LIBCMT:atodbl.obj
 0001:00043643       __atoflt_l                 10044643 f   LIBCMT:atodbl.obj
 0001:0004365b       __atoldbl                  1004465b f   LIBCMT:atodbl.obj
 0001:00043670       __atoldbl_l                10044670 f   LIBCMT:atodbl.obj
 0001:000436ff       ___dtold                   100446ff f   LIBCMT:cfout.obj
 0001:000437c7       __fltout2                  100447c7 f   LIBCMT:cfout.obj
 0001:00043860       __alldvrm                  10044860 f   LIBCMT:lldvrm.obj
 0001:00043940       __aullshr                  10044940 f   LIBCMT:ullshr.obj
 0001:0004395f       __get_output_format        1004495f f   LIBCMT:outputformat.obj
 0001:00043965       __set_output_format        10044965 f   LIBCMT:outputformat.obj
 0001:00043997       __controlfp_s              10044997 f   LIBCMT:contrlfp.obj
 0001:000439f4       __fptrap                   100449f4 f   LIBCMT:crt0fp.obj
 0001:000439fd       __msize                    100449fd f   LIBCMT:msize.obj
 0001:00043a2e       __recalloc                 10044a2e f   LIBCMT:recalloc.obj
 0001:00043a97       _strncpy_s                 10044a97 f   LIBCMT:strncpy_s.obj
[...]
 0003:0009ec08       ___pInvalidArgHandler      1012bc08     LIBCMT:invarg.obj
 0003:0009ec0c       __stdbuf                   1012bc0c     LIBCMT:_sftbuf.obj
 0003:0009ed68       __maxwait                  1012bd68     LIBCMT:crtheap.obj
 0003:0009ed6c       ?__pInconsistency@@3P6AXXZA 1012bd6c     LIBCMT:hooks.obj
 0003:0009ed70       ___pPurecall               1012bd70     LIBCMT:inithelp.obj
 0003:0009ed8c       ___mbcodepage              1012bd8c     LIBCMT:mbctype.obj
 0003:0009ed90       ___ismbcodepage            1012bd90     LIBCMT:mbctype.obj
 0003:0009ed94       ___mbulinfo                1012bd94     LIBCMT:mbctype.obj
 0003:0009eda0       ___mblocalename            1012bda0     LIBCMT:mbctype.obj
 0003:0009eda8       ___pioinfo                 1012bda8     LIBCMT:ioinit.obj
 0003:0009eea8       ___error_mode              1012bea8     LIBCMT:errmode.obj
 0003:0009efc8       __outputformat             1012bfc8     LIBCMT:outputformat.obj
 0003:0009efd0       __commode                  1012bfd0     LIBCMT:ncommode.obj
 0003:0009efd4       ___locale_changed          1012bfd4     LIBCMT:wsetloca.obj
 0003:0009efd8       ___lconv_static_null       1012bfd8     LIBCMT:lconv.obj
 0003:0009efdc       ___lconv_static_W_null     1012bfdc     LIBCMT:lconv.obj
 0003:0009efe0       __fmode                    1012bfe0     LIBCMT:txtmode.obj
 0003:0009efe4       _intcnt                    1012bfe4     <common>
 0003:000a1180       _pd_board                  1012e180     <common>
 0003:000ab940       _CANAC2_2_receiveindex_mb3 10138940     <common>
 0003:000aea14       _CANAC2_2_receivemaxindex_mb3 1013ba14     <common>
 0003:000aea20       _CANAC2_2_sendindex_mb3    1013ba20     <common>
 0003:000aed40       _CANAC2_2_sendmaxindex_mb3 1013bd40     <common>
 0003:000aed60       _CANAC2_1_receiveindex_mb3 1013bd60     <common>
 0003:000af080       _CANAC2_1_receivemaxindex_mb3 1013c080     <common>
 0003:000af0a0       _CANAC2_1_sendindex_mb3    1013c0a0     <common>
 0003:000af3c0       _CANAC2_1_sendmaxindex_mb3 1013c3c0     <common>
 0003:000af3e0       _CANAC2_2_receive_mb3      1013c3e0     <common>
 0003:000af700       _CANAC2_2_send_mb3         1013c700     <common>
 0003:000afa20       _CANAC2_1_receive_mb3      1013ca20     <common>
 0003:000afd40       _CANAC2_1_send_mb3         1013cd40     <common>
 0003:000b0060       _CANAC2_2_receiveindex_mb2 1013d060     <common>
 0003:000b0380       _CANAC2_2_receivemaxindex_mb2 1013d380     <common>
 0003:000b03a0       _CANAC2_2_sendindex_mb2    1013d3a0     <common>
 0003:000b06c0       _CANAC2_2_sendmaxindex_mb2 1013d6c0     <common>
 0003:000b06e0       _CANAC2_1_receiveindex_mb2 1013d6e0     <common>
 0003:000b0a00       _CANAC2_1_receivemaxindex_mb2 1013da00     <common>
 0003:000b0a20       _CANAC2_1_sendindex_mb2    1013da20     <common>
 0003:000b0d40       _CANAC2_1_sendmaxindex_mb2 1013dd40     <common>
 0003:000b0d60       _CANAC2_2_receive_mb2      1013dd60     <common>
 0003:000b1080       _CANAC2_2_send_mb2         1013e080     <common>
 0003:000b13a0       _CANAC2_1_receive_mb2      1013e3a0     <common>
 0003:000b16c0       _CANAC2_1_send_mb2         1013e6c0     <common>
 0003:000b19e0       _CANAC2_2_receiveindex_mb1 1013e9e0     <common>
 0003:000b1d00       _CANAC2_2_receivemaxindex_mb1 1013ed00     <common>
 0003:000b1d20       _CANAC2_2_sendindex_mb1    1013ed20     <common>
 0003:000b2040       _CANAC2_2_sendmaxindex_mb1 1013f040     <common>
 0003:000b2060       _CANAC2_1_receiveindex_mb1 1013f060     <common>
 0003:000b2380       _CANAC2_1_receivemaxindex_mb1 1013f380     <common>
 0003:000b23a0       _CANAC2_1_sendindex_mb1    1013f3a0     <common>
 0003:000b26c0       _CANAC2_1_sendmaxindex_mb1 1013f6c0     <common>
 0003:000b26e0       _CANAC2_2_receive_mb1      1013f6e0     <common>
 0003:000b2a00       _CANAC2_2_send_mb1         1013fa00     <common>
 0003:000b2d20       _CANAC2_1_receive_mb1      1013fd20     <common>
 0003:000b3040       _CANAC2_1_send_mb1         10140040     <common>
 0003:000b3360       _CANAC2_2_receiveindex     10140360     <common>
 0003:000b3680       _CANAC2_2_receivemaxindex  10140680     <common>
 0003:000b36a0       _CANAC2_2_sendindex        101406a0     <common>
 0003:000b39c0       _CANAC2_2_sendmaxindex     101409c0     <common>
 0003:000b39e0       _CANAC2_1_receiveindex     101409e0     <common>
 0003:000b3d00       _CANAC2_1_receivemaxindex  10140d00     <common>
 0003:000b3d20       _CANAC2_1_sendindex        10140d20     <common>
 0003:000b4040       _CANAC2_1_sendmaxindex     10141040     <common>
 0003:000b4060       _CANAC2_2_receive          10141060     <common>
 0003:000b4380       _CANAC2_2_send             10141380     <common>
 0003:000b46a0       _CANAC2_1_receive          101416a0     <common>
 0003:000b49c0       _CANAC2_1_send             101419c0     <common>
 0003:000b4ce0       _siepowercan_can_object_buffer_port2 10141ce0     <common>
 0003:000b8d00       _siepowercan_can_object_buffer_port1 10145d00     <common>
 0003:000bcd00       _rtNaNF                    10149d00     <common>
 0003:000bcd14       _rtMinusInfF               10149d14     <common>
 0003:000bcd18       _rtInfF                    10149d18     <common>
 0003:000bcd20       _rtNaN                     10149d20     <common>
 0003:000bcd28       _rtMinusInf                10149d28     <common>
 0003:000bcd30       _rtInf                     10149d30     <common>
 0003:000bcd38       _quadripulse_controller14_PrevZCX 10149d38     <common>
 0003:000c82a0       _quadripulse_controller14_DW 101552a0     <common>
 0003:000d3960       _quadripulse_controller14_B 10160960     <common>
 0003:000fdcc0       _quadripulse_controller14_M_ 1018acc0     <common>
 0003:00100d40       _slTestRegAssessment       1018dd40     <common>
 0003:00100d90       _slTestTerminate           1018dd90     <common>
 0003:00100d94       _slTestEvalOnFail          1018dd94     <common>
 0003:00100d98       _slTestLogAssessments      1018dd98     <common>
 0003:00100d9c       _slTestInitialize          1018dd9c     <common>
 0003:00100da0       _unRegisterPTPTimeRead     1018dda0     <common>
 0003:00100da4       _registerPTPTimeRead       1018dda4     <common>
 0003:00100da8       _slrteGetCurrentStepSize   1018dda8     <common>
 0003:00100dac       _slrteSetStepSizeDelta     1018ddac     <common>
 0003:00100db0       _xpceGetIntTimerGranularityNS 1018ddb0     <common>
 0003:00100db4       _sendToAsyncQueueTgtAppSvc 1018ddb4     <common>
 0003:00100db8       _terminateToAsyncQueueTgtAppSvc 1018ddb8     <common>
 0003:00100dbc       _startToAsyncQueueTgtAppSvc 1018ddbc     <common>
 0003:00100dc0       _getStatusFlags            1018ddc0     <common>
 0003:00100dc4       _getCommService            1018ddc4     <common>
 0003:00100dc8       _getMemoryService          1018ddc8     <common>
 0003:00100dcc       _StreamVideo               1018ddcc     <common>
 0003:00100dd0       _StopVideoDisplay          1018ddd0     <common>
 0003:00100dd4       _StartVideoDisplay         1018ddd4     <common>
 0003:00100dd8       _DestroyVideoDisplay       1018ddd8     <common>
 0003:00100ddc       _CreateVideoDisplay        1018dddc     <common>
 0003:00100de0       _ConvertUImage             1018dde0     <common>
 0003:00100de4       _StopVideo                 1018dde4     <common>
 0003:00100de8       _ReadFrameBuffer           1018dde8     <common>
 0003:00100dec       _StartVideo                1018ddec     <common>
 0003:00100df0       _GetVideoConfigs           1018ddf0     <common>
 0003:00100df4       _FindUsbVideoDevice        1018ddf4     <common>
 0003:00100df8       _xpceDeleteSemaphore       1018ddf8     <common>
 0003:00100dfc       _xpceSignalSemaphore       1018ddfc     <common>
 0003:00100e00       _xpceWaitSemaphore         1018de00     <common>
 0003:00100e04       _xpceCreateSemaphore       1018de04     <common>
 0003:00100e08       _TBGiveSpinFast            1018de08     <common>
 0003:00100e0c       _TBTakeSpinFast            1018de0c     <common>
 0003:00100e10       _TBDeleteSpin              1018de10     <common>
 0003:00100e14       _TBCreateSpin              1018de14     <common>
 0003:00100e18       _xpceScopeAcqOK            1018de18     <common>
 0003:00100e1c       _rl32eRestartAcquisition   1018de1c     <common>
 0003:00100e20       _rl32eSetTargetScopeSigFt  1018de20     <common>
 0003:00100e24       _rl32eSetTargetScope       1018de24     <common>
 0003:00100e28       _xpceFSScopeSet            1018de28     <common>
 0003:00100e2c       _rl32eSetScope             1018de2c     <common>
 0003:00100e30       _rl32eAddSignal            1018de30     <common>
 0003:00100e34       _rl32eGetSignalNo          1018de34     <common>
 0003:00100e38       _rl32eDefScope             1018de38     <common>
 0003:00100e3c       _rl32eScopeExists          1018de3c     <common>
 0003:00100e40       _xpceUDPClose              1018de40     <common>
 0003:00100e44       _xpceUDPReceive            1018de44     <common>
 0003:00100e48       _xpceUDPSend               1018de48     <common>
 0003:00100e4c       _xpceUDPOpenReceive        1018de4c     <common>
 0003:00100e50       _xpceUDPOpenSend           1018de50     <common>
 0003:00100e54       _rl32eSendBlock            1018de54     <common>
 0003:00100e58       _rl32eLineStatus           1018de58     <common>
 0003:00100e5c       _rl32eReceiveBufferCount   1018de5c     <common>
 0003:00100e60       _rl32eReceiveChar          1018de60     <common>
 0003:00100e64       _rl32eSendChar             1018de64     <common>
 0003:00100e68       _rl32eCloseCOMPort         1018de68     <common>
 0003:00100e6c       _rl32eInitCOMPort          1018de6c     <common>
 0003:00100e70       _xpceGetParamDims          1018de70     <common>
 0003:00100e74       _xpceGetParameter          1018de74     <common>
 0003:00100e78       _xpceSetParameter          1018de78     <common>
 0003:00100e7c       _xpceGetSignalValue        1018de7c     <common>
 0003:00100e80       _xpceAssignPCIInterrupt    1018de80     <common>
 0003:00100e84       _rl32eGetPCIInfoAtSlot     1018de84     <common>
 0003:00100e88       _rl32eGetPCIInfo           1018de88     <common>
 0003:00100e8c       _rl32eShowPCIInfo          1018de8c     <common>
 0003:00100e90       _rl32eShowPCIDev           1018de90     <common>
 0003:00100e94       _xpceGetTET                1018de94     <common>
 0003:00100e98       _xpceFTSubtract            1018de98     <common>
 0003:00100e9c       _xpceFTAdd                 1018de9c     <common>
 0003:00100ea0       _xpceFTReadTime            1018dea0     <common>
 0003:00100ea4       _xpceaddEvent              1018dea4     <common>
 0003:00100ea8       _xpceDeRegisterISR         1018dea8     <common>
 0003:00100eac       _xpceRegisterISR           1018deac     <common>
 0003:00100eb0       _xpcIsModelInit            1018deb0     <common>
 0003:00100eb4       _xpcGetElapsedTime         1018deb4     <common>
 0003:00100eb8       _xpcBusyWait               1018deb8     <common>
 0003:00100ebc       _xpcFreePhysicalMemory     1018debc     <common>
 0003:00100ec0       _xpcAllocPhysicalMemory    1018dec0     <common>
 0003:00100ec4       _xpcReserveMemoryRegion    1018dec4     <common>
 0003:00100ec8       _xpcOutpB                  1018dec8     <common>
 0003:00100ecc       _xpcOutpW                  1018decc     <common>
 0003:00100ed0       _xpcOutpDW                 1018ded0     <common>
 0003:00100ed4       _xpcInpB                   1018ded4     <common>
 0003:00100ed8       _xpcInpW                   1018ded8     <common>
 0003:00100edc       _xpcInpDW                  1018dedc     <common>
 0003:00100ee0       ___unguarded_readlc_active 1018dee0     <common>
 0003:00100ef0       ___setlc_active            1018def0     <common>
 0003:00100ef4       __nhandle                  1018def4     <common>
 0003:00100f00       _encodedKERNEL32Functions  1018df00     <common>
 0003:00100fa8       __debugger_hook_dummy      1018dfa8     <common>
 0003:00100fb4       ___use_sse2_mathfcns       1018dfb4     <common>
 0003:00100fc0       __pmatherr                 1018dfc0     <common>
 0003:00100fcc       __pDestructExceptionObject 1018dfcc     <common>
 0003:00100fd8       __acmdln                   1018dfd8     <common>
 0003:00101000       __bufin                    1018e000     <common>
 0003:0010233c       ___piob                    1018f33c     <common>
 0003:00102340       __nstream                  1018f340     <common>
 0003:00102344       ___dyn_tls_init_callback   1018f344     <common>
 0003:00102354       ___onexitend               1018f354     <common>
 0003:00102358       ___onexitbegin             1018f358     <common>
 0003:0010235c       ___mbctype_initialized     1018f35c     <common>
 0003:00102360       ___env_initialized         1018f360     <common>
 0004:00000000       __imp__GetModuleHandleA@4  10190000     kernel32:KERNEL32.dll
 0004:00000004       __imp__GetProcAddress@8    10190004     kernel32:KERNEL32.dll
 0004:00000008       __imp__HeapAlloc@12        10190008     kernel32:KERNEL32.dll
 0004:0000000c       __imp__IsDebuggerPresent@0 1019000c     kernel32:KERNEL32.dll
 0004:00000010       __imp__IsProcessorFeaturePresent@4 10190010     kernel32:KERNEL32.dll
 0004:00000014       __imp__EncodePointer@4     10190014     kernel32:KERNEL32.dll
 0004:00000018       __imp__DecodePointer@4     10190018     kernel32:KERNEL32.dll
 0004:0000001c       __imp__GetLastError@0      1019001c     kernel32:KERNEL32.dll
 0004:00000020       __imp__ExitProcess@4       10190020     kernel32:KERNEL32.dll
 0004:00000024       __imp__GetModuleHandleExW@12 10190024     kernel32:KERNEL32.dll
 0004:00000028       __imp__AreFileApisANSI@0   10190028     kernel32:KERNEL32.dll
 0004:0000002c       __imp__MultiByteToWideChar@24 1019002c     kernel32:KERNEL32.dll
 0004:00000030       __imp__WideCharToMultiByte@32 10190030     kernel32:KERNEL32.dll
 0004:00000034       __imp__HeapFree@12         10190034     kernel32:KERNEL32.dll
 0004:00000038       __imp__HeapReAlloc@16      10190038     kernel32:KERNEL32.dll
 0004:0000003c       __imp__EnterCriticalSection@4 1019003c     kernel32:KERNEL32.dll
 0004:00000040       __imp__LeaveCriticalSection@4 10190040     kernel32:KERNEL32.dll
 0004:00000044       __imp__GetStdHandle@4      10190044     kernel32:KERNEL32.dll
 0004:00000048       __imp__GetFileType@4       10190048     kernel32:KERNEL32.dll
 0004:0000004c       __imp__GetModuleFileNameW@12 1019004c     kernel32:KERNEL32.dll
 0004:00000050       __imp__WriteConsoleW@20    10190050     kernel32:KERNEL32.dll
 0004:00000054       __imp__GetCommandLineA@0   10190054     kernel32:KERNEL32.dll
 0004:00000058       __imp__GetCurrentThreadId@0 10190058     kernel32:KERNEL32.dll
 0004:0000005c       __imp__WriteFile@20        1019005c     kernel32:KERNEL32.dll
 0004:00000060       __imp__GetProcessHeap@0    10190060     kernel32:KERNEL32.dll
 0004:00000064       __imp__RaiseException@16   10190064     kernel32:KERNEL32.dll
 0004:00000068       __imp__UnhandledExceptionFilter@4 10190068     kernel32:KERNEL32.dll
 0004:0000006c       __imp__SetUnhandledExceptionFilter@4 1019006c     kernel32:KERNEL32.dll
 0004:00000070       __imp__SetLastError@4      10190070     kernel32:KERNEL32.dll
 0004:00000074       __imp__InitializeCriticalSectionAndSpinCount@8 10190074     kernel32:KERNEL32.dll
 0004:00000078       __imp__CreateEventW@16     10190078     kernel32:KERNEL32.dll
 0004:0000007c       __imp__Sleep@4             1019007c     kernel32:KERNEL32.dll
 0004:00000080       __imp__GetCurrentProcess@0 10190080     kernel32:KERNEL32.dll
 0004:00000084       __imp__TerminateProcess@8  10190084     kernel32:KERNEL32.dll
 0004:00000088       __imp__TlsAlloc@0          10190088     kernel32:KERNEL32.dll
 0004:0000008c       __imp__TlsGetValue@4       1019008c     kernel32:KERNEL32.dll
 0004:00000090       __imp__TlsSetValue@8       10190090     kernel32:KERNEL32.dll
 0004:00000094       __imp__TlsFree@4           10190094     kernel32:KERNEL32.dll
 0004:00000098       __imp__GetStartupInfoW@4   10190098     kernel32:KERNEL32.dll
 0004:0000009c       __imp__GetTickCount@0      1019009c     kernel32:KERNEL32.dll
 0004:000000a0       __imp__GetModuleHandleW@4  101900a0     kernel32:KERNEL32.dll
 0004:000000a4       __imp__CreateSemaphoreW@16 101900a4     kernel32:KERNEL32.dll
 0004:000000a8       __imp__DeleteCriticalSection@4 101900a8     kernel32:KERNEL32.dll
 0004:000000ac       __imp__FatalAppExitA@8     101900ac     kernel32:KERNEL32.dll
 0004:000000b0       __imp__SetConsoleCtrlHandler@8 101900b0     kernel32:KERNEL32.dll
 0004:000000b4       __imp__FreeLibrary@4       101900b4     kernel32:KERNEL32.dll
 0004:000000b8       __imp__LoadLibraryExW@12   101900b8     kernel32:KERNEL32.dll
 0004:000000bc       __imp__IsValidCodePage@4   101900bc     kernel32:KERNEL32.dll
 0004:000000c0       __imp__GetACP@0            101900c0     kernel32:KERNEL32.dll
 0004:000000c4       __imp__GetOEMCP@0          101900c4     kernel32:KERNEL32.dll
 0004:000000c8       __imp__GetCPInfo@8         101900c8     kernel32:KERNEL32.dll
 0004:000000cc       __imp__CloseHandle@4       101900cc     kernel32:KERNEL32.dll
 0004:000000d0       __imp__RtlUnwind@16        101900d0     kernel32:KERNEL32.dll
 0004:000000d4       __imp__ReadFile@20         101900d4     kernel32:KERNEL32.dll
 0004:000000d8       __imp__GetConsoleMode@8    101900d8     kernel32:KERNEL32.dll
 0004:000000dc       __imp__ReadConsoleW@20     101900dc     kernel32:KERNEL32.dll
 0004:000000e0       __imp__GetConsoleCP@0      101900e0     kernel32:KERNEL32.dll
 0004:000000e4       __imp__DeleteFileW@4       101900e4     kernel32:KERNEL32.dll
 0004:000000e8       __imp__SetFilePointerEx@20 101900e8     kernel32:KERNEL32.dll
 0004:000000ec       __imp__OutputDebugStringW@4 101900ec     kernel32:KERNEL32.dll
 0004:000000f0       __imp__GetCurrentThread@0  101900f0     kernel32:KERNEL32.dll
 0004:000000f4       __imp__GetModuleFileNameA@12 101900f4     kernel32:KERNEL32.dll
 0004:000000f8       __imp__QueryPerformanceCounter@4 101900f8     kernel32:KERNEL32.dll
 0004:000000fc       __imp__GetCurrentProcessId@0 101900fc     kernel32:KERNEL32.dll
 0004:00000100       __imp__GetSystemTimeAsFileTime@4 10190100     kernel32:KERNEL32.dll
 0004:00000104       __imp__GetEnvironmentStringsW@0 10190104     kernel32:KERNEL32.dll
 0004:00000108       __imp__FreeEnvironmentStringsW@4 10190108     kernel32:KERNEL32.dll
 0004:0000010c       __imp__HeapSize@12         1019010c     kernel32:KERNEL32.dll
 0004:00000110       __imp__GetDateFormatW@24   10190110     kernel32:KERNEL32.dll
 0004:00000114       __imp__GetTimeFormatW@24   10190114     kernel32:KERNEL32.dll
 0004:00000118       __imp__CompareStringW@24   10190118     kernel32:KERNEL32.dll
 0004:0000011c       __imp__LCMapStringW@24     1019011c     kernel32:KERNEL32.dll
 0004:00000120       __imp__GetLocaleInfoW@16   10190120     kernel32:KERNEL32.dll
 0004:00000124       __imp__IsValidLocale@8     10190124     kernel32:KERNEL32.dll
 0004:00000128       __imp__GetUserDefaultLCID@0 10190128     kernel32:KERNEL32.dll
 0004:0000012c       __imp__EnumSystemLocalesW@8 1019012c     kernel32:KERNEL32.dll
 0004:00000130       __imp__GetStringTypeW@16   10190130     kernel32:KERNEL32.dll
 0004:00000134       __imp__FlushFileBuffers@4  10190134     kernel32:KERNEL32.dll
 0004:00000138       __imp__SetStdHandle@8      10190138     kernel32:KERNEL32.dll
 0004:0000013c       __imp__CreateFileW@28      1019013c     kernel32:KERNEL32.dll
 0004:00000140       __imp__SetEndOfFile@4      10190140     kernel32:KERNEL32.dll
 0004:00000144       \177KERNEL32_NULL_THUNK_DATA 10190144     kernel32:KERNEL32.dll
 0004:000001b0       __IMPORT_DESCRIPTOR_KERNEL32 101901b0     kernel32:KERNEL32.dll
 0004:000001c4       __NULL_IMPORT_DESCRIPTOR   101901c4     kernel32:KERNEL32.dll
